DBimpl - LOCK REQUEST: 0x3488fa50 1
[1773159756.177391003] LOCK pid=34558 fd=3: NO_LOCK -> SHARED (fallback)
[1773159756.177394066] LOCK pid=34558 fd=3: SHARED -> SHARED
DBimpl - UNLOCK REQUEST: 0x3488fa50 0
[1773159756.177528835] UNLOCK pid=34558 fd=3: SHARED -> NO_LOCK
DBimpl - LOCK REQUEST: 0x3488fa50 1
[1773159756.177550707] LOCK pid=34558 fd=3: NO_LOCK -> SHARED (fallback)
[1773159756.177551995] LOCK pid=34558 fd=3: SHARED -> SHARED
DBimpl - UNLOCK REQUEST: 0x3488fa50 0
[1773159756.177562167] UNLOCK pid=34558 fd=3: SHARED -> NO_LOCK
DBimpl - LOCK REQUEST: 0x3488fa50 1
[1773159756.177575144] LOCK pid=34558 fd=3: NO_LOCK -> SHARED (fallback)
[1773159756.177576133] LOCK pid=34558 fd=3: SHARED -> SHARED
DBimpl - UNLOCK REQUEST: 0x3488fa50 0
[1773159756.177581965] UNLOCK pid=34558 fd=3: SHARED -> NO_LOCK
DBimpl - LOCK REQUEST: 0x3488fa50 1
[1773159756.177590943] LOCK pid=34558 fd=3: NO_LOCK -> SHARED (fallback)
[1773159756.177591911] LOCK pid=34558 fd=3: SHARED -> SHARED
DBimpl - UNLOCK REQUEST: 0x3488fa50 0
[1773159756.177599254] UNLOCK pid=34558 fd=3: SHARED -> NO_LOCK
DBimpl - LOCK REQUEST: 0x3488fa50 1
[1773159756.177653195] LOCK pid=34558 fd=3: NO_LOCK -> SHARED (fallback)
[1773159756.177654544] LOCK pid=34558 fd=3: SHARED -> SHARED
DBimpl - LOCK REQUEST: 0x3488fa50 2
[1773159756.177660582] LOCK pid=34558 fd=3: SHARED -> RESERVED
DBimpl - LOCK REQUEST: 0x3488fa50 4
[1773159756.177778032] LOCK pid=34558 fd=3: RESERVED -> PENDING
[1773159756.177779917] LOCK pid=34558 fd=3: PENDING -> EXCLUSIVE
DBimpl - UNLOCK REQUEST: 0x3488fa50 1
[1773159756.180247654] UNLOCK pid=34558 fd=3: EXCLUSIVE -> SHARED
DBimpl - UNLOCK REQUEST: 0x3488fa50 0
[1773159756.180251331] UNLOCK pid=34558 fd=3: SHARED -> NO_LOCK
DBimpl - LOCK REQUEST: 0x3488fa50 1
[1773159756.180315155] LOCK pid=34558 fd=3: NO_LOCK -> SHARED (fallback)
[1773159756.180316550] LOCK pid=34558 fd=3: SHARED -> SHARED
DBimpl - LOCK REQUEST: 0x3488fa50 2
[1773159756.180325264] LOCK pid=34558 fd=3: SHARED -> RESERVED
DBimpl - LOCK REQUEST: 0x3488fa50 4
[1773159756.180403261] LOCK pid=34558 fd=3: RESERVED -> PENDING
[1773159756.180405456] LOCK pid=34558 fd=3: PENDING -> EXCLUSIVE
DBimpl - UNLOCK REQUEST: 0x3488fa50 1
[1773159756.182462285] UNLOCK pid=34558 fd=3: EXCLUSIVE -> SHARED
DBimpl - UNLOCK REQUEST: 0x3488fa50 0
[1773159756.182465525] UNLOCK pid=34558 fd=3: SHARED -> NO_LOCK
DBimpl - LOCK REQUEST: 0x3488fa50 1
[1773159756.182516324] LOCK pid=34558 fd=3: NO_LOCK -> SHARED (fallback)
[1773159756.182517439] LOCK pid=34558 fd=3: SHARED -> SHARED
DBimpl - LOCK REQUEST: 0x3488fa50 2
[1773159756.182525362] LOCK pid=34558 fd=3: SHARED -> RESERVED
DBimpl - LOCK REQUEST: 0x3488fa50 4
[1773159756.182602422] LOCK pid=34558 fd=3: RESERVED -> PENDING
[1773159756.182604092] LOCK pid=34558 fd=3: PENDING -> EXCLUSIVE
DBimpl - UNLOCK REQUEST: 0x3488fa50 1
[1773159756.184325897] UNLOCK pid=34558 fd=3: EXCLUSIVE -> SHARED
DBimpl - UNLOCK REQUEST: 0x3488fa50 0
[1773159756.184330086] UNLOCK pid=34558 fd=3: SHARED -> NO_LOCK
DBimpl - LOCK REQUEST: 0x3488fa50 1
[1773159756.184359378] LOCK pid=34558 fd=3: NO_LOCK -> SHARED (fallback)
[1773159756.184360739] LOCK pid=34558 fd=3: SHARED -> SHARED
DBimpl - UNLOCK REQUEST: 0x3488fa50 0
[1773159756.184380508] UNLOCK pid=34558 fd=3: SHARED -> NO_LOCK
DBimpl - LOCK REQUEST: 0x3488fa50 1
[1773159756.184421801] LOCK pid=34558 fd=3: NO_LOCK -> SHARED (fallback)
[1773159756.184423125] LOCK pid=34558 fd=3: SHARED -> SHARED
DBimpl - LOCK REQUEST: 0x3488fa50 2
[1773159756.184430827] LOCK pid=34558 fd=3: SHARED -> RESERVED
DBimpl - LOCK REQUEST: 0x3488fa50 4
[1773159756.184617622] LOCK pid=34558 fd=3: RESERVED -> PENDING
[1773159756.184619885] LOCK pid=34558 fd=3: PENDING -> EXCLUSIVE
DBimpl - UNLOCK REQUEST: 0x3488fa50 1
[1773159756.186213699] UNLOCK pid=34558 fd=3: EXCLUSIVE -> SHARED
DBimpl - UNLOCK REQUEST: 0x3488fa50 0
[1773159756.186217536] UNLOCK pid=34558 fd=3: SHARED -> NO_LOCK
DBimpl - UNLOCK REQUEST: 0x3488fa50 0
DBimpl - LOCK REQUEST: 0x348b5680 1
[1773159756.219928794] LOCK pid=34562 fd=12: NO_LOCK -> SHARED (fallback)
[1773159756.219933239] LOCK pid=34562 fd=12: SHARED -> SHARED
DBimpl - LOCK REQUEST: 0x348b5680 2
[1773159756.219998102] LOCK pid=34562 fd=12: SHARED -> RESERVED
DBimpl - LOCK REQUEST: 0x348b5680 4
[1773159756.220620529] LOCK pid=34562 fd=12: RESERVED -> PENDING
[1773159756.220623678] LOCK pid=34562 fd=12: PENDING -> EXCLUSIVE
DBimpl - UNLOCK REQUEST: 0x348b5680 1
[1773159756.223216627] UNLOCK pid=34562 fd=12: EXCLUSIVE -> SHARED
DBimpl - UNLOCK REQUEST: 0x348b5680 0
[1773159756.223222086] UNLOCK pid=34562 fd=12: SHARED -> NO_LOCK
DBimpl - LOCK REQUEST: 0x348b5680 1
[1773159756.244007274] LOCK pid=34563 fd=14: NO_LOCK -> SHARED (fallback)
[1773159756.244011033] LOCK pid=34563 fd=14: SHARED -> SHARED
DBimpl - LOCK REQUEST: 0x348b5680 2
[1773159756.244079699] LOCK pid=34563 fd=14: SHARED -> RESERVED
DBimpl - LOCK REQUEST: 0x348b5680 4
[1773159756.244622186] LOCK pid=34563 fd=14: RESERVED -> PENDING
[1773159756.244624286] LOCK pid=34563 fd=14: PENDING -> EXCLUSIVE
DBimpl - UNLOCK REQUEST: 0x348b5680 1
[1773159756.247502189] UNLOCK pid=34563 fd=14: EXCLUSIVE -> SHARED
DBimpl - UNLOCK REQUEST: 0x348b5680 0
[1773159756.247508094] UNLOCK pid=34563 fd=14: SHARED -> NO_LOCK
DBimpl - LOCK REQUEST: 0x348b5680 1
[1773159756.267033854] LOCK pid=34559 fd=6: NO_LOCK -> SHARED (fallback)
[1773159756.267038222] LOCK pid=34559 fd=6: SHARED -> SHARED
DBimpl - UNLOCK REQUEST: 0x348b5680 0
[1773159756.267207579] UNLOCK pid=34559 fd=6: SHARED -> NO_LOCK
DBimpl - LOCK REQUEST: 0x348b5680 1
[1773159756.267261156] LOCK pid=34559 fd=6: NO_LOCK -> SHARED (fallback)
[1773159756.267262370] LOCK pid=34559 fd=6: SHARED -> SHARED
DBimpl - UNLOCK REQUEST: 0x348b5680 0
[1773159756.267408161] UNLOCK pid=34559 fd=6: SHARED -> NO_LOCK
DBimpl - LOCK REQUEST: 0x348b5680 1
[1773159756.275369354] LOCK pid=34561 fd=10: NO_LOCK -> SHARED (fallback)
[1773159756.275372874] LOCK pid=34561 fd=10: SHARED -> SHARED
DBimpl - LOCK REQUEST: 0x348b5680 2
[1773159756.275416201] LOCK pid=34561 fd=10: SHARED -> RESERVED
DBimpl - LOCK REQUEST: 0x348b5680 4
[1773159756.276266391] LOCK pid=34561 fd=10: RESERVED -> PENDING
[1773159756.276270500] LOCK pid=34561 fd=10: PENDING -> EXCLUSIVE
DBimpl - UNLOCK REQUEST: 0x348b5680 1
[1773159756.278322670] UNLOCK pid=34561 fd=10: EXCLUSIVE -> SHARED
DBimpl - UNLOCK REQUEST: 0x348b5680 0
[1773159756.278329234] UNLOCK pid=34561 fd=10: SHARED -> NO_LOCK
DBimpl - LOCK REQUEST: 0x348b5680 1
[1773159756.289597711] LOCK pid=34559 fd=6: NO_LOCK -> SHARED (fallback)
[1773159756.289602885] LOCK pid=34559 fd=6: SHARED -> SHARED
DBimpl - UNLOCK REQUEST: 0x348b5680 0
[1773159756.289758289] UNLOCK pid=34559 fd=6: SHARED -> NO_LOCK
DBimpl - LOCK REQUEST: 0x348b5680 1
[1773159756.310435653] LOCK pid=34561 fd=10: NO_LOCK -> SHARED (fallback)
[1773159756.310440309] LOCK pid=34561 fd=10: SHARED -> SHARED
DBimpl - LOCK REQUEST: 0x348b5680 2
[1773159756.310470005] LOCK pid=34561 fd=10: SHARED -> RESERVED
DBimpl - LOCK REQUEST: 0x348b5680 4
[1773159756.310689741] LOCK pid=34561 fd=10: RESERVED -> PENDING
[1773159756.310692694] LOCK pid=34561 fd=10: PENDING -> EXCLUSIVE
DBimpl - UNLOCK REQUEST: 0x348b5680 1
[1773159756.314111046] UNLOCK pid=34561 fd=10: EXCLUSIVE -> SHARED
DBimpl - UNLOCK REQUEST: 0x348b5680 0
[1773159756.314120366] UNLOCK pid=34561 fd=10: SHARED -> NO_LOCK
DBimpl - LOCK REQUEST: 0x348b5680 1
[1773159756.326870087] LOCK pid=34562 fd=12: NO_LOCK -> SHARED (fallback)
[1773159756.326874149] LOCK pid=34562 fd=12: SHARED -> SHARED
DBimpl - LOCK REQUEST: 0x348b5680 2
[1773159756.326909011] LOCK pid=34562 fd=12: SHARED -> RESERVED
DBimpl - LOCK REQUEST: 0x348b5680 4
[1773159756.327543642] LOCK pid=34562 fd=12: RESERVED -> PENDING
[1773159756.327546434] LOCK pid=34562 fd=12: PENDING -> EXCLUSIVE
DBimpl - UNLOCK REQUEST: 0x348b5680 1
[1773159756.331985447] UNLOCK pid=34562 fd=12: EXCLUSIVE -> SHARED
DBimpl - UNLOCK REQUEST: 0x348b5680 0
[1773159756.331993875] UNLOCK pid=34562 fd=12: SHARED -> NO_LOCK
DBimpl - LOCK REQUEST: 0x348b5680 1
[1773159756.355881901] LOCK pid=34562 fd=12: NO_LOCK -> SHARED (fallback)
[1773159756.355888781] LOCK pid=34562 fd=12: SHARED -> SHARED
DBimpl - LOCK REQUEST: 0x348b5680 2
[1773159756.355919310] LOCK pid=34562 fd=12: SHARED -> RESERVED
DBimpl - LOCK REQUEST: 0x348b5680 4
[1773159756.356768531] LOCK pid=34562 fd=12: RESERVED -> PENDING
[1773159756.356772671] LOCK pid=34562 fd=12: PENDING -> EXCLUSIVE
DBimpl - LOCK REQUEST: 0x348b5680 1
DBimpl - LOCK REQUEST: 0x348b5680 1
DBimpl - UNLOCK REQUEST: 0x348b5680 1
[1773159756.360567903] UNLOCK pid=34562 fd=12: EXCLUSIVE -> SHARED
DBimpl - UNLOCK REQUEST: 0x348b5680 0
[1773159756.360578426] UNLOCK pid=34562 fd=12: SHARED -> NO_LOCK
DBimpl - LOCK REQUEST: 0x348b5680 1
[1773159756.361201655] LOCK pid=34561 fd=10: NO_LOCK -> SHARED (fallback)
[1773159756.361205152] LOCK pid=34561 fd=10: SHARED -> SHARED
DBimpl - LOCK REQUEST: 0x348b5680 2
[1773159756.361227651] LOCK pid=34561 fd=10: SHARED -> RESERVED
DBimpl - LOCK REQUEST: 0x348b5680 4
[1773159756.361781542] LOCK pid=34561 fd=10: RESERVED -> PENDING
[1773159756.361784974] LOCK pid=34561 fd=10: PENDING -> EXCLUSIVE
DBimpl - UNLOCK REQUEST: 0x348b5680 1
[1773159756.363568313] UNLOCK pid=34561 fd=10: EXCLUSIVE -> SHARED
DBimpl - UNLOCK REQUEST: 0x348b5680 0
[1773159756.363574942] UNLOCK pid=34561 fd=10: SHARED -> NO_LOCK
DBimpl - LOCK REQUEST: 0x348b5680 1
[1773159756.377517927] LOCK pid=34562 fd=12: NO_LOCK -> SHARED (fallback)
[1773159756.377522348] LOCK pid=34562 fd=12: SHARED -> SHARED
DBimpl - LOCK REQUEST: 0x348b5680 2
[1773159756.377573111] LOCK pid=34562 fd=12: SHARED -> RESERVED
DBimpl - LOCK REQUEST: 0x348b5680 4
[1773159756.379188025] LOCK pid=34562 fd=12: RESERVED -> PENDING
[1773159756.379192583] LOCK pid=34562 fd=12: PENDING -> EXCLUSIVE
DBimpl - UNLOCK REQUEST: 0x348b5680 1
[1773159756.381588903] UNLOCK pid=34562 fd=12: EXCLUSIVE -> SHARED
DBimpl - UNLOCK REQUEST: 0x348b5680 0
[1773159756.381596955] UNLOCK pid=34562 fd=12: SHARED -> NO_LOCK
DBimpl - LOCK REQUEST: 0x348b5680 1
[1773159756.396288396] LOCK pid=34561 fd=10: NO_LOCK -> SHARED (fallback)
[1773159756.396291500] LOCK pid=34561 fd=10: SHARED -> SHARED
DBimpl - LOCK REQUEST: 0x348b5680 2
[1773159756.396316106] LOCK pid=34561 fd=10: SHARED -> RESERVED
DBimpl - LOCK REQUEST: 0x348b5680 4
[1773159756.396717545] LOCK pid=34561 fd=10: RESERVED -> PENDING
[1773159756.396719670] LOCK pid=34561 fd=10: PENDING -> EXCLUSIVE
DBimpl - UNLOCK REQUEST: 0x348b5680 1
[1773159756.401372548] UNLOCK pid=34561 fd=10: EXCLUSIVE -> SHARED
DBimpl - UNLOCK REQUEST: 0x348b5680 0
[1773159756.401377777] UNLOCK pid=34561 fd=10: SHARED -> NO_LOCK
DBimpl - LOCK REQUEST: 0x348b5680 1
[1773159756.420120146] LOCK pid=34560 fd=8: NO_LOCK -> SHARED (fallback)
[1773159756.420123226] LOCK pid=34560 fd=8: SHARED -> SHARED
DBimpl - UNLOCK REQUEST: 0x348b5680 0
[1773159756.420339551] UNLOCK pid=34560 fd=8: SHARED -> NO_LOCK
DBimpl - LOCK REQUEST: 0x348b5680 1
[1773159756.420384385] LOCK pid=34560 fd=8: NO_LOCK -> SHARED (fallback)
[1773159756.420386569] LOCK pid=34560 fd=8: SHARED -> SHARED
DBimpl - UNLOCK REQUEST: 0x348b5680 0
[1773159756.420788281] UNLOCK pid=34560 fd=8: SHARED -> NO_LOCK
DBimpl - LOCK REQUEST: 0x348b5680 1
[1773159756.434377500] LOCK pid=34559 fd=6: NO_LOCK -> SHARED (fallback)
[1773159756.434381296] LOCK pid=34559 fd=6: SHARED -> SHARED
DBimpl - UNLOCK REQUEST: 0x348b5680 0
[1773159756.434588515] UNLOCK pid=34559 fd=6: SHARED -> NO_LOCK
DBimpl - LOCK REQUEST: 0x348b5680 1
[1773159756.452146676] LOCK pid=34559 fd=6: NO_LOCK -> SHARED (fallback)
[1773159756.452154848] LOCK pid=34559 fd=6: SHARED -> SHARED
DBimpl - UNLOCK REQUEST: 0x348b5680 0
[1773159756.452451878] UNLOCK pid=34559 fd=6: SHARED -> NO_LOCK
DBimpl - LOCK REQUEST: 0x348b5680 1
[1773159756.498875716] LOCK pid=34562 fd=12: NO_LOCK -> SHARED (fallback)
[1773159756.498881823] LOCK pid=34562 fd=12: SHARED -> SHARED
DBimpl - LOCK REQUEST: 0x348b5680 2
[1773159756.498915814] LOCK pid=34562 fd=12: SHARED -> RESERVED
DBimpl - LOCK REQUEST: 0x348b5680 4
[1773159756.499761210] LOCK pid=34562 fd=12: RESERVED -> PENDING
[1773159756.499764031] LOCK pid=34562 fd=12: PENDING -> EXCLUSIVE
DBimpl - UNLOCK REQUEST: 0x348b5680 1
[1773159756.503413024] UNLOCK pid=34562 fd=12: EXCLUSIVE -> SHARED
DBimpl - UNLOCK REQUEST: 0x348b5680 0
[1773159756.503427850] UNLOCK pid=34562 fd=12: SHARED -> NO_LOCK
DBimpl - LOCK REQUEST: 0x348b5680 1
[1773159756.510680104] LOCK pid=34561 fd=10: NO_LOCK -> SHARED (fallback)
[1773159756.510683450] LOCK pid=34561 fd=10: SHARED -> SHARED
DBimpl - LOCK REQUEST: 0x348b5680 2
[1773159756.510716510] LOCK pid=34561 fd=10: SHARED -> RESERVED
DBimpl - LOCK REQUEST: 0x348b5680 4
[1773159756.510896134] LOCK pid=34561 fd=10: RESERVED -> PENDING
[1773159756.510898243] LOCK pid=34561 fd=10: PENDING -> EXCLUSIVE
DBimpl - UNLOCK REQUEST: 0x348b5680 1
[1773159756.512865982] UNLOCK pid=34561 fd=10: EXCLUSIVE -> SHARED
DBimpl - UNLOCK REQUEST: 0x348b5680 0
[1773159756.512870824] UNLOCK pid=34561 fd=10: SHARED -> NO_LOCK
DBimpl - LOCK REQUEST: 0x348b5680 1
[1773159756.545703788] LOCK pid=34563 fd=14: NO_LOCK -> SHARED (fallback)
[1773159756.545708069] LOCK pid=34563 fd=14: SHARED -> SHARED
DBimpl - LOCK REQUEST: 0x348b5680 2
[1773159756.545741532] LOCK pid=34563 fd=14: SHARED -> RESERVED
DBimpl - LOCK REQUEST: 0x348b5680 4
[1773159756.545921649] LOCK pid=34563 fd=14: RESERVED -> PENDING
[1773159756.545923677] LOCK pid=34563 fd=14: PENDING -> EXCLUSIVE
DBimpl - UNLOCK REQUEST: 0x348b5680 1
[1773159756.547804089] UNLOCK pid=34563 fd=14: EXCLUSIVE -> SHARED
DBimpl - UNLOCK REQUEST: 0x348b5680 0
[1773159756.547809928] UNLOCK pid=34563 fd=14: SHARED -> NO_LOCK
DBimpl - LOCK REQUEST: 0x348b5680 1
[1773159756.561190556] LOCK pid=34563 fd=14: NO_LOCK -> SHARED (fallback)
[1773159756.561193451] LOCK pid=34563 fd=14: SHARED -> SHARED
DBimpl - LOCK REQUEST: 0x348b5680 2
[1773159756.561216353] LOCK pid=34563 fd=14: SHARED -> RESERVED
DBimpl - LOCK REQUEST: 0x348b5680 4
[1773159756.561387977] LOCK pid=34563 fd=14: RESERVED -> PENDING
[1773159756.561389910] LOCK pid=34563 fd=14: PENDING -> EXCLUSIVE
DBimpl - UNLOCK REQUEST: 0x348b5680 1
[1773159756.563737754] UNLOCK pid=34563 fd=14: EXCLUSIVE -> SHARED
DBimpl - UNLOCK REQUEST: 0x348b5680 0
[1773159756.563742338] UNLOCK pid=34563 fd=14: SHARED -> NO_LOCK
DBimpl - LOCK REQUEST: 0x348b5680 1
[1773159756.575371028] LOCK pid=34562 fd=12: NO_LOCK -> SHARED (fallback)
[1773159756.575374253] LOCK pid=34562 fd=12: SHARED -> SHARED
DBimpl - LOCK REQUEST: 0x348b5680 2
[1773159756.575402806] LOCK pid=34562 fd=12: SHARED -> RESERVED
DBimpl - LOCK REQUEST: 0x348b5680 4
[1773159756.576588314] LOCK pid=34562 fd=12: RESERVED -> PENDING
[1773159756.576591196] LOCK pid=34562 fd=12: PENDING -> EXCLUSIVE
DBimpl - UNLOCK REQUEST: 0x348b5680 1
[1773159756.578838349] UNLOCK pid=34562 fd=12: EXCLUSIVE -> SHARED
DBimpl - UNLOCK REQUEST: 0x348b5680 0
[1773159756.578846338] UNLOCK pid=34562 fd=12: SHARED -> NO_LOCK
DBimpl - LOCK REQUEST: 0x348b5680 1
[1773159756.625777344] LOCK pid=34561 fd=10: NO_LOCK -> SHARED (fallback)
[1773159756.625816829] LOCK pid=34561 fd=10: SHARED -> SHARED
DBimpl - LOCK REQUEST: 0x348b5680 2
[1773159756.625941873] LOCK pid=34561 fd=10: SHARED -> RESERVED
DBimpl - LOCK REQUEST: 0x348b5680 4
[1773159756.626328061] LOCK pid=34561 fd=10: RESERVED -> PENDING
[1773159756.626330143] LOCK pid=34561 fd=10: PENDING -> EXCLUSIVE
DBimpl - UNLOCK REQUEST: 0x348b5680 1
[1773159756.628650542] UNLOCK pid=34561 fd=10: EXCLUSIVE -> SHARED
DBimpl - UNLOCK REQUEST: 0x348b5680 0
[1773159756.628655516] UNLOCK pid=34561 fd=10: SHARED -> NO_LOCK
DBimpl - LOCK REQUEST: 0x348b5680 1
[1773159756.638627123] LOCK pid=34563 fd=14: NO_LOCK -> SHARED (fallback)
[1773159756.638630008] LOCK pid=34563 fd=14: SHARED -> SHARED
DBimpl - LOCK REQUEST: 0x348b5680 2
[1773159756.638650086] LOCK pid=34563 fd=14: SHARED -> RESERVED
DBimpl - LOCK REQUEST: 0x348b5680 4
[1773159756.638819315] LOCK pid=34563 fd=14: RESERVED -> PENDING
[1773159756.638821246] LOCK pid=34563 fd=14: PENDING -> EXCLUSIVE
DBimpl - UNLOCK REQUEST: 0x348b5680 1
[1773159756.640965416] UNLOCK pid=34563 fd=14: EXCLUSIVE -> SHARED
DBimpl - UNLOCK REQUEST: 0x348b5680 0
[1773159756.640972216] UNLOCK pid=34563 fd=14: SHARED -> NO_LOCK
DBimpl - LOCK REQUEST: 0x348b5680 1
[1773159756.651345457] LOCK pid=34561 fd=10: NO_LOCK -> SHARED (fallback)
[1773159756.651353117] LOCK pid=34561 fd=10: SHARED -> SHARED
DBimpl - LOCK REQUEST: 0x348b5680 2
[1773159756.651370616] LOCK pid=34561 fd=10: SHARED -> RESERVED
DBimpl - LOCK REQUEST: 0x348b5680 4
[1773159756.651817572] LOCK pid=34561 fd=10: RESERVED -> PENDING
[1773159756.651823903] LOCK pid=34561 fd=10: PENDING -> EXCLUSIVE
DBimpl - UNLOCK REQUEST: 0x348b5680 1
[1773159756.654298815] UNLOCK pid=34561 fd=10: EXCLUSIVE -> SHARED
DBimpl - UNLOCK REQUEST: 0x348b5680 0
[1773159756.654304009] UNLOCK pid=34561 fd=10: SHARED -> NO_LOCK
DBimpl - LOCK REQUEST: 0x348b5680 1
[1773159756.654573498] LOCK pid=34560 fd=8: NO_LOCK -> SHARED (fallback)
[1773159756.654576536] LOCK pid=34560 fd=8: SHARED -> SHARED
DBimpl - UNLOCK REQUEST: 0x348b5680 0
[1773159756.654793445] UNLOCK pid=34560 fd=8: SHARED -> NO_LOCK
DBimpl - LOCK REQUEST: 0x348b5680 1
[1773159756.664202615] LOCK pid=34563 fd=14: NO_LOCK -> SHARED (fallback)
[1773159756.664208443] LOCK pid=34563 fd=14: SHARED -> SHARED
DBimpl - LOCK REQUEST: 0x348b5680 2
[1773159756.664244676] LOCK pid=34563 fd=14: SHARED -> RESERVED
DBimpl - LOCK REQUEST: 0x348b5680 4
[1773159756.664751125] LOCK pid=34563 fd=14: RESERVED -> PENDING
[1773159756.664753868] LOCK pid=34563 fd=14: PENDING -> EXCLUSIVE
DBimpl - UNLOCK REQUEST: 0x348b5680 1
[1773159756.668235851] UNLOCK pid=34563 fd=14: EXCLUSIVE -> SHARED
DBimpl - UNLOCK REQUEST: 0x348b5680 0
[1773159756.668241205] UNLOCK pid=34563 fd=14: SHARED -> NO_LOCK
DBimpl - LOCK REQUEST: 0x348b5680 1
[1773159756.673117448] LOCK pid=34561 fd=10: NO_LOCK -> SHARED (fallback)
[1773159756.673120096] LOCK pid=34561 fd=10: SHARED -> SHARED
DBimpl - LOCK REQUEST: 0x348b5680 2
[1773159756.673137760] LOCK pid=34561 fd=10: SHARED -> RESERVED
DBimpl - LOCK REQUEST: 0x348b5680 4
[1773159756.673551662] LOCK pid=34561 fd=10: RESERVED -> PENDING
[1773159756.673554206] LOCK pid=34561 fd=10: PENDING -> EXCLUSIVE
DBimpl - UNLOCK REQUEST: 0x348b5680 1
[1773159756.675888178] UNLOCK pid=34561 fd=10: EXCLUSIVE -> SHARED
DBimpl - UNLOCK REQUEST: 0x348b5680 0
[1773159756.675897383] UNLOCK pid=34561 fd=10: SHARED -> NO_LOCK
DBimpl - LOCK REQUEST: 0x348b5680 1
[1773159756.699114746] LOCK pid=34563 fd=14: NO_LOCK -> SHARED (fallback)
[1773159756.699118585] LOCK pid=34563 fd=14: SHARED -> SHARED
DBimpl - LOCK REQUEST: 0x348b5680 2
[1773159756.699143219] LOCK pid=34563 fd=14: SHARED -> RESERVED
DBimpl - LOCK REQUEST: 0x348b5680 4
[1773159756.699296883] LOCK pid=34563 fd=14: RESERVED -> PENDING
[1773159756.699298677] LOCK pid=34563 fd=14: PENDING -> EXCLUSIVE
DBimpl - LOCK REQUEST: 0x348b5680 1
DBimpl - LOCK REQUEST: 0x348b5680 1
DBimpl - UNLOCK REQUEST: 0x348b5680 1
[1773159756.702883022] UNLOCK pid=34563 fd=14: EXCLUSIVE -> SHARED
DBimpl - UNLOCK REQUEST: 0x348b5680 0
[1773159756.702888099] UNLOCK pid=34563 fd=14: SHARED -> NO_LOCK
DBimpl - LOCK REQUEST: 0x348b5680 1
[1773159756.703169917] LOCK pid=34560 fd=8: NO_LOCK -> SHARED (fallback)
[1773159756.703172270] LOCK pid=34560 fd=8: SHARED -> SHARED
DBimpl - UNLOCK REQUEST: 0x348b5680 0
[1773159756.703356106] UNLOCK pid=34560 fd=8: SHARED -> NO_LOCK
DBimpl - LOCK REQUEST: 0x348b5680 1
[1773159756.732150681] LOCK pid=34560 fd=8: NO_LOCK -> SHARED (fallback)
[1773159756.732153985] LOCK pid=34560 fd=8: SHARED -> SHARED
DBimpl - UNLOCK REQUEST: 0x348b5680 0
[1773159756.732363286] UNLOCK pid=34560 fd=8: SHARED -> NO_LOCK
DBimpl - LOCK REQUEST: 0x348b5680 1
[1773159756.742150797] LOCK pid=34562 fd=12: NO_LOCK -> SHARED (fallback)
[1773159756.742153672] LOCK pid=34562 fd=12: SHARED -> SHARED
DBimpl - LOCK REQUEST: 0x348b5680 2
[1773159756.742176647] LOCK pid=34562 fd=12: SHARED -> RESERVED
DBimpl - LOCK REQUEST: 0x348b5680 4
[1773159756.742390599] LOCK pid=34562 fd=12: RESERVED -> PENDING
[1773159756.742392487] LOCK pid=34562 fd=12: PENDING -> EXCLUSIVE
DBimpl - UNLOCK REQUEST: 0x348b5680 1
[1773159756.744338180] UNLOCK pid=34562 fd=12: EXCLUSIVE -> SHARED
DBimpl - UNLOCK REQUEST: 0x348b5680 0
[1773159756.744343190] UNLOCK pid=34562 fd=12: SHARED -> NO_LOCK
DBimpl - LOCK REQUEST: 0x348b5680 1
[1773159756.765062496] LOCK pid=34563 fd=14: NO_LOCK -> SHARED (fallback)
[1773159756.765071467] LOCK pid=34563 fd=14: SHARED -> SHARED
DBimpl - LOCK REQUEST: 0x348b5680 2
[1773159756.765094097] LOCK pid=34563 fd=14: SHARED -> RESERVED
DBimpl - LOCK REQUEST: 0x348b5680 4
[1773159756.765261395] LOCK pid=34563 fd=14: RESERVED -> PENDING
[1773159756.765263359] LOCK pid=34563 fd=14: PENDING -> EXCLUSIVE
DBimpl - UNLOCK REQUEST: 0x348b5680 1
[1773159756.768061911] UNLOCK pid=34563 fd=14: EXCLUSIVE -> SHARED
DBimpl - UNLOCK REQUEST: 0x348b5680 0
[1773159756.768068022] UNLOCK pid=34563 fd=14: SHARED -> NO_LOCK
DBimpl - LOCK REQUEST: 0x348b5680 1
[1773159756.774994326] LOCK pid=34562 fd=12: NO_LOCK -> SHARED (fallback)
[1773159756.774996653] LOCK pid=34562 fd=12: SHARED -> SHARED
DBimpl - LOCK REQUEST: 0x348b5680 2
[1773159756.775015701] LOCK pid=34562 fd=12: SHARED -> RESERVED
DBimpl - LOCK REQUEST: 0x348b5680 4
[1773159756.775210569] LOCK pid=34562 fd=12: RESERVED -> PENDING
[1773159756.775212367] LOCK pid=34562 fd=12: PENDING -> EXCLUSIVE
DBimpl - LOCK REQUEST: 0x348b5680 1
DBimpl - UNLOCK REQUEST: 0x348b5680 1
[1773159756.777200233] UNLOCK pid=34562 fd=12: EXCLUSIVE -> SHARED
DBimpl - UNLOCK REQUEST: 0x348b5680 0
[1773159756.777206502] UNLOCK pid=34562 fd=12: SHARED -> NO_LOCK
DBimpl - LOCK REQUEST: 0x348b5680 1
[1773159756.777781475] LOCK pid=34561 fd=10: NO_LOCK -> SHARED (fallback)
[1773159756.777784471] LOCK pid=34561 fd=10: SHARED -> SHARED
DBimpl - LOCK REQUEST: 0x348b5680 2
[1773159756.777803807] LOCK pid=34561 fd=10: SHARED -> RESERVED
DBimpl - LOCK REQUEST: 0x348b5680 4
[1773159756.777992914] LOCK pid=34561 fd=10: RESERVED -> PENDING
[1773159756.777995617] LOCK pid=34561 fd=10: PENDING -> EXCLUSIVE
DBimpl - LOCK REQUEST: 0x348b5680 1
DBimpl - LOCK REQUEST: 0x348b5680 1
DBimpl - UNLOCK REQUEST: 0x348b5680 1
[1773159756.779986210] UNLOCK pid=34561 fd=10: EXCLUSIVE -> SHARED
DBimpl - UNLOCK REQUEST: 0x348b5680 0
[1773159756.779992593] UNLOCK pid=34561 fd=10: SHARED -> NO_LOCK
DBimpl - LOCK REQUEST: 0x348b5680 1
[1773159756.781940620] LOCK pid=34559 fd=6: NO_LOCK -> SHARED (fallback)
[1773159756.781942636] LOCK pid=34559 fd=6: SHARED -> SHARED
DBimpl - LOCK REQUEST: 0x348b5680 1
[1773159756.781972691] LOCK pid=34563 fd=14: NO_LOCK -> SHARED (fallback)
[1773159756.781974912] LOCK pid=34563 fd=14: SHARED -> SHARED
DBimpl - LOCK REQUEST: 0x348b5680 2
[1773159756.781989537] LOCK pid=34563 fd=14: SHARED -> RESERVED
DBimpl - UNLOCK REQUEST: 0x348b5680 0
[1773159756.782046491] UNLOCK pid=34559 fd=6: SHARED -> NO_LOCK
DBimpl - LOCK REQUEST: 0x348b5680 4
[1773159756.782113884] LOCK pid=34563 fd=14: RESERVED -> PENDING
[1773159756.782116260] LOCK pid=34563 fd=14: PENDING -> EXCLUSIVE
DBimpl - UNLOCK REQUEST: 0x348b5680 1
[1773159756.784177720] UNLOCK pid=34563 fd=14: EXCLUSIVE -> SHARED
DBimpl - UNLOCK REQUEST: 0x348b5680 0
[1773159756.784182645] UNLOCK pid=34563 fd=14: SHARED -> NO_LOCK
DBimpl - LOCK REQUEST: 0x348b5680 1
[1773159756.796786670] LOCK pid=34559 fd=6: NO_LOCK -> SHARED (fallback)
[1773159756.796789626] LOCK pid=34559 fd=6: SHARED -> SHARED
DBimpl - UNLOCK REQUEST: 0x348b5680 0
[1773159756.796920336] UNLOCK pid=34559 fd=6: SHARED -> NO_LOCK
DBimpl - LOCK REQUEST: 0x348b5680 1
[1773159756.819049401] LOCK pid=34563 fd=14: NO_LOCK -> SHARED (fallback)
[1773159756.819055473] LOCK pid=34563 fd=14: SHARED -> SHARED
DBimpl - LOCK REQUEST: 0x348b5680 2
[1773159756.819094083] LOCK pid=34563 fd=14: SHARED -> RESERVED
DBimpl - LOCK REQUEST: 0x348b5680 4
[1773159756.819290676] LOCK pid=34563 fd=14: RESERVED -> PENDING
[1773159756.819292519] LOCK pid=34563 fd=14: PENDING -> EXCLUSIVE
DBimpl - UNLOCK REQUEST: 0x348b5680 1
[1773159756.822953279] UNLOCK pid=34563 fd=14: EXCLUSIVE -> SHARED
DBimpl - UNLOCK REQUEST: 0x348b5680 0
[1773159756.822959188] UNLOCK pid=34563 fd=14: SHARED -> NO_LOCK
DBimpl - LOCK REQUEST: 0x348b5680 1
[1773159756.868868848] LOCK pid=34560 fd=8: NO_LOCK -> SHARED (fallback)
[1773159756.868874325] LOCK pid=34560 fd=8: SHARED -> SHARED
DBimpl - UNLOCK REQUEST: 0x348b5680 0
[1773159756.869073053] UNLOCK pid=34560 fd=8: SHARED -> NO_LOCK
DBimpl - LOCK REQUEST: 0x348b5680 1
[1773159756.889709989] LOCK pid=34559 fd=6: NO_LOCK -> SHARED (fallback)
[1773159756.889713519] LOCK pid=34559 fd=6: SHARED -> SHARED
DBimpl - UNLOCK REQUEST: 0x348b5680 0
[1773159756.890037709] UNLOCK pid=34559 fd=6: SHARED -> NO_LOCK
DBimpl - LOCK REQUEST: 0x348b5680 1
[1773159756.890953559] LOCK pid=34560 fd=8: NO_LOCK -> SHARED (fallback)
[1773159756.890956383] LOCK pid=34560 fd=8: SHARED -> SHARED
DBimpl - UNLOCK REQUEST: 0x348b5680 0
[1773159756.891121549] UNLOCK pid=34560 fd=8: SHARED -> NO_LOCK
DBimpl - LOCK REQUEST: 0x348b5680 1
[1773159756.899642124] LOCK pid=34563 fd=14: NO_LOCK -> SHARED (fallback)
[1773159756.899645179] LOCK pid=34563 fd=14: SHARED -> SHARED
DBimpl - LOCK REQUEST: 0x348b5680 2
[1773159756.899660737] LOCK pid=34563 fd=14: SHARED -> RESERVED
DBimpl - LOCK REQUEST: 0x348b5680 4
[1773159756.899819075] LOCK pid=34563 fd=14: RESERVED -> PENDING
[1773159756.899820785] LOCK pid=34563 fd=14: PENDING -> EXCLUSIVE
DBimpl - UNLOCK REQUEST: 0x348b5680 1
[1773159756.904742952] UNLOCK pid=34563 fd=14: EXCLUSIVE -> SHARED
DBimpl - UNLOCK REQUEST: 0x348b5680 0
[1773159756.904749025] UNLOCK pid=34563 fd=14: SHARED -> NO_LOCK
DBimpl - LOCK REQUEST: 0x348b5680 1
[1773159756.915406646] LOCK pid=34560 fd=8: NO_LOCK -> SHARED (fallback)
[1773159756.915410384] LOCK pid=34560 fd=8: SHARED -> SHARED
DBimpl - UNLOCK REQUEST: 0x348b5680 0
[1773159756.915596703] UNLOCK pid=34560 fd=8: SHARED -> NO_LOCK
DBimpl - LOCK REQUEST: 0x348b5680 1
[1773159756.918043724] LOCK pid=34561 fd=10: NO_LOCK -> SHARED (fallback)
[1773159756.918048126] LOCK pid=34561 fd=10: SHARED -> SHARED
DBimpl - LOCK REQUEST: 0x348b5680 2
[1773159756.918078481] LOCK pid=34561 fd=10: SHARED -> RESERVED
DBimpl - LOCK REQUEST: 0x348b5680 4
[1773159756.918445996] LOCK pid=34561 fd=10: RESERVED -> PENDING
[1773159756.918448192] LOCK pid=34561 fd=10: PENDING -> EXCLUSIVE
DBimpl - LOCK REQUEST: 0x348b5680 1
DBimpl - LOCK REQUEST: 0x348b5680 1
DBimpl - UNLOCK REQUEST: 0x348b5680 1
[1773159756.921632881] UNLOCK pid=34561 fd=10: EXCLUSIVE -> SHARED
DBimpl - UNLOCK REQUEST: 0x348b5680 0
[1773159756.921641196] UNLOCK pid=34561 fd=10: SHARED -> NO_LOCK
DBimpl - LOCK REQUEST: 0x348b5680 1
[1773159756.922174703] LOCK pid=34560 fd=8: NO_LOCK -> SHARED (fallback)
[1773159756.922178708] LOCK pid=34560 fd=8: SHARED -> SHARED
DBimpl - UNLOCK REQUEST: 0x348b5680 0
[1773159756.922332453] UNLOCK pid=34560 fd=8: SHARED -> NO_LOCK
DBimpl - LOCK REQUEST: 0x348b5680 1
[1773159756.938632797] LOCK pid=34559 fd=6: NO_LOCK -> SHARED (fallback)
[1773159756.938635532] LOCK pid=34559 fd=6: SHARED -> SHARED
DBimpl - UNLOCK REQUEST: 0x348b5680 0
[1773159756.938740185] UNLOCK pid=34559 fd=6: SHARED -> NO_LOCK
DBimpl - LOCK REQUEST: 0x348b5680 1
[1773159757.042601770] LOCK pid=34559 fd=6: NO_LOCK -> SHARED (fallback)
[1773159757.042606095] LOCK pid=34559 fd=6: SHARED -> SHARED
DBimpl - UNLOCK REQUEST: 0x348b5680 0
[1773159757.042722491] UNLOCK pid=34559 fd=6: SHARED -> NO_LOCK
DBimpl - LOCK REQUEST: 0x348b5680 1
[1773159757.061649312] LOCK pid=34559 fd=6: NO_LOCK -> SHARED (fallback)
[1773159757.061652449] LOCK pid=34559 fd=6: SHARED -> SHARED
DBimpl - UNLOCK REQUEST: 0x348b5680 0
[1773159757.061794611] UNLOCK pid=34559 fd=6: SHARED -> NO_LOCK
DBimpl - LOCK REQUEST: 0x348b5680 1
[1773159757.074025562] LOCK pid=34563 fd=14: NO_LOCK -> SHARED (fallback)
[1773159757.074029007] LOCK pid=34563 fd=14: SHARED -> SHARED
DBimpl - LOCK REQUEST: 0x348b5680 2
[1773159757.074051986] LOCK pid=34563 fd=14: SHARED -> RESERVED
DBimpl - LOCK REQUEST: 0x348b5680 4
[1773159757.074188950] LOCK pid=34563 fd=14: RESERVED -> PENDING
[1773159757.074190664] LOCK pid=34563 fd=14: PENDING -> EXCLUSIVE
DBimpl - LOCK REQUEST: 0x348b5680 1
DBimpl - UNLOCK REQUEST: 0x348b5680 1
[1773159757.085628176] UNLOCK pid=34563 fd=14: EXCLUSIVE -> SHARED
DBimpl - UNLOCK REQUEST: 0x348b5680 0
[1773159757.085635701] UNLOCK pid=34563 fd=14: SHARED -> NO_LOCK
DBimpl - LOCK REQUEST: 0x348b5680 1
[1773159757.086085773] LOCK pid=34562 fd=12: NO_LOCK -> SHARED (fallback)
[1773159757.086087270] LOCK pid=34562 fd=12: SHARED -> SHARED
DBimpl - LOCK REQUEST: 0x348b5680 2
[1773159757.086104289] LOCK pid=34562 fd=12: SHARED -> RESERVED
DBimpl - LOCK REQUEST: 0x348b5680 4
[1773159757.087290972] LOCK pid=34562 fd=12: RESERVED -> PENDING
[1773159757.087293082] LOCK pid=34562 fd=12: PENDING -> EXCLUSIVE
DBimpl - UNLOCK REQUEST: 0x348b5680 1
[1773159757.090281982] UNLOCK pid=34562 fd=12: EXCLUSIVE -> SHARED
DBimpl - UNLOCK REQUEST: 0x348b5680 0
[1773159757.090286694] UNLOCK pid=34562 fd=12: SHARED -> NO_LOCK
DBimpl - LOCK REQUEST: 0x348b5680 1
[1773159757.095394428] LOCK pid=34561 fd=10: NO_LOCK -> SHARED (fallback)
[1773159757.095396621] LOCK pid=34561 fd=10: SHARED -> SHARED
DBimpl - LOCK REQUEST: 0x348b5680 2
[1773159757.095411269] LOCK pid=34561 fd=10: SHARED -> RESERVED
DBimpl - LOCK REQUEST: 0x348b5680 4
[1773159757.095732307] LOCK pid=34561 fd=10: RESERVED -> PENDING
[1773159757.095734635] LOCK pid=34561 fd=10: PENDING -> EXCLUSIVE
DBimpl - UNLOCK REQUEST: 0x348b5680 1
[1773159757.098060088] UNLOCK pid=34561 fd=10: EXCLUSIVE -> SHARED
DBimpl - UNLOCK REQUEST: 0x348b5680 0
[1773159757.098064339] UNLOCK pid=34561 fd=10: SHARED -> NO_LOCK
DBimpl - LOCK REQUEST: 0x348b5680 1
[1773159757.114661332] LOCK pid=34559 fd=6: NO_LOCK -> SHARED (fallback)
[1773159757.114663718] LOCK pid=34559 fd=6: SHARED -> SHARED
DBimpl - UNLOCK REQUEST: 0x348b5680 0
[1773159757.114842027] UNLOCK pid=34559 fd=6: SHARED -> NO_LOCK
DBimpl - LOCK REQUEST: 0x348b5680 1
[1773159757.123548952] LOCK pid=34562 fd=12: NO_LOCK -> SHARED (fallback)
[1773159757.123553902] LOCK pid=34562 fd=12: SHARED -> SHARED
DBimpl - LOCK REQUEST: 0x348b5680 2
[1773159757.123581634] LOCK pid=34562 fd=12: SHARED -> RESERVED
DBimpl - LOCK REQUEST: 0x348b5680 4
[1773159757.125443642] LOCK pid=34562 fd=12: RESERVED -> PENDING
[1773159757.125446138] LOCK pid=34562 fd=12: PENDING -> EXCLUSIVE
DBimpl - LOCK REQUEST: 0x348b5680 1
DBimpl - LOCK REQUEST: 0x348b5680 1
DBimpl - UNLOCK REQUEST: 0x348b5680 1
[1773159757.127870597] UNLOCK pid=34562 fd=12: EXCLUSIVE -> SHARED
DBimpl - UNLOCK REQUEST: 0x348b5680 0
[1773159757.127876712] UNLOCK pid=34562 fd=12: SHARED -> NO_LOCK
DBimpl - LOCK REQUEST: 0x348b5680 1
[1773159757.129214479] LOCK pid=34560 fd=8: NO_LOCK -> SHARED (fallback)
[1773159757.129218358] LOCK pid=34560 fd=8: SHARED -> SHARED
DBimpl - LOCK REQUEST: 0x348b5680 1
[1773159757.129364666] LOCK pid=34559 fd=6: NO_LOCK -> SHARED (fallback)
[1773159757.129366899] LOCK pid=34559 fd=6: SHARED -> SHARED
DBimpl - UNLOCK REQUEST: 0x348b5680 0
[1773159757.129511305] UNLOCK pid=34560 fd=8: SHARED -> NO_LOCK
DBimpl - UNLOCK REQUEST: 0x348b5680 0
[1773159757.129539617] UNLOCK pid=34559 fd=6: SHARED -> NO_LOCK
DBimpl - LOCK REQUEST: 0x348b5680 1
[1773159757.159165445] LOCK pid=34563 fd=14: NO_LOCK -> SHARED (fallback)
[1773159757.159170988] LOCK pid=34563 fd=14: SHARED -> SHARED
DBimpl - LOCK REQUEST: 0x348b5680 2
[1773159757.159196904] LOCK pid=34563 fd=14: SHARED -> RESERVED
DBimpl - LOCK REQUEST: 0x348b5680 4
[1773159757.159398680] LOCK pid=34563 fd=14: RESERVED -> PENDING
[1773159757.159401599] LOCK pid=34563 fd=14: PENDING -> EXCLUSIVE
DBimpl - UNLOCK REQUEST: 0x348b5680 1
[1773159757.161614093] UNLOCK pid=34563 fd=14: EXCLUSIVE -> SHARED
DBimpl - UNLOCK REQUEST: 0x348b5680 0
[1773159757.161619760] UNLOCK pid=34563 fd=14: SHARED -> NO_LOCK
DBimpl - LOCK REQUEST: 0x348b5680 1
[1773159757.186037339] LOCK pid=34560 fd=8: NO_LOCK -> SHARED (fallback)
[1773159757.186041528] LOCK pid=34560 fd=8: SHARED -> SHARED
DBimpl - UNLOCK REQUEST: 0x348b5680 0
[1773159757.186277008] UNLOCK pid=34560 fd=8: SHARED -> NO_LOCK
DBimpl - LOCK REQUEST: 0x348b5680 1
[1773159757.198101561] LOCK pid=34561 fd=10: NO_LOCK -> SHARED (fallback)
[1773159757.198105429] LOCK pid=34561 fd=10: SHARED -> SHARED
DBimpl - LOCK REQUEST: 0x348b5680 2
[1773159757.198134633] LOCK pid=34561 fd=10: SHARED -> RESERVED
DBimpl - LOCK REQUEST: 0x348b5680 4
[1773159757.198636420] LOCK pid=34561 fd=10: RESERVED -> PENDING
[1773159757.198638546] LOCK pid=34561 fd=10: PENDING -> EXCLUSIVE
DBimpl - LOCK REQUEST: 0x348b5680 1
DBimpl - UNLOCK REQUEST: 0x348b5680 1
[1773159757.201612869] UNLOCK pid=34561 fd=10: EXCLUSIVE -> SHARED
DBimpl - UNLOCK REQUEST: 0x348b5680 0
[1773159757.201618192] UNLOCK pid=34561 fd=10: SHARED -> NO_LOCK
DBimpl - LOCK REQUEST: 0x348b5680 1
[1773159757.202205237] LOCK pid=34560 fd=8: NO_LOCK -> SHARED (fallback)
[1773159757.202208589] LOCK pid=34560 fd=8: SHARED -> SHARED
DBimpl - UNLOCK REQUEST: 0x348b5680 0
[1773159757.202401285] UNLOCK pid=34560 fd=8: SHARED -> NO_LOCK
DBimpl - LOCK REQUEST: 0x348b5680 1
[1773159757.216405621] LOCK pid=34562 fd=12: NO_LOCK -> SHARED (fallback)
[1773159757.216409540] LOCK pid=34562 fd=12: SHARED -> SHARED
DBimpl - LOCK REQUEST: 0x348b5680 2
[1773159757.216436111] LOCK pid=34562 fd=12: SHARED -> RESERVED
DBimpl - LOCK REQUEST: 0x348b5680 4
[1773159757.218504635] LOCK pid=34562 fd=12: RESERVED -> PENDING
[1773159757.218506509] LOCK pid=34562 fd=12: PENDING -> EXCLUSIVE
DBimpl - UNLOCK REQUEST: 0x348b5680 1
[1773159757.221453273] UNLOCK pid=34562 fd=12: EXCLUSIVE -> SHARED
DBimpl - UNLOCK REQUEST: 0x348b5680 0
[1773159757.221458119] UNLOCK pid=34562 fd=12: SHARED -> NO_LOCK
DBimpl - LOCK REQUEST: 0x348b5680 1
[1773159757.230662015] LOCK pid=34561 fd=10: NO_LOCK -> SHARED (fallback)
[1773159757.230664920] LOCK pid=34561 fd=10: SHARED -> SHARED
DBimpl - LOCK REQUEST: 0x348b5680 2
[1773159757.230681046] LOCK pid=34561 fd=10: SHARED -> RESERVED
DBimpl - LOCK REQUEST: 0x348b5680 4
[1773159757.231087340] LOCK pid=34561 fd=10: RESERVED -> PENDING
[1773159757.231089584] LOCK pid=34561 fd=10: PENDING -> EXCLUSIVE
DBimpl - UNLOCK REQUEST: 0x348b5680 1
[1773159757.233038946] UNLOCK pid=34561 fd=10: EXCLUSIVE -> SHARED
DBimpl - UNLOCK REQUEST: 0x348b5680 0
[1773159757.233046762] UNLOCK pid=34561 fd=10: SHARED -> NO_LOCK
DBimpl - LOCK REQUEST: 0x348b5680 1
[1773159757.236283748] LOCK pid=34561 fd=10: NO_LOCK -> SHARED (fallback)
[1773159757.236285872] LOCK pid=34561 fd=10: SHARED -> SHARED
DBimpl - LOCK REQUEST: 0x348b5680 2
[1773159757.236297138] LOCK pid=34561 fd=10: SHARED -> RESERVED
DBimpl - LOCK REQUEST: 0x348b5680 4
[1773159757.236737293] LOCK pid=34561 fd=10: RESERVED -> PENDING
[1773159757.236739305] LOCK pid=34561 fd=10: PENDING -> EXCLUSIVE
DBimpl - UNLOCK REQUEST: 0x348b5680 1
[1773159757.238517389] UNLOCK pid=34561 fd=10: EXCLUSIVE -> SHARED
DBimpl - UNLOCK REQUEST: 0x348b5680 0
[1773159757.238523998] UNLOCK pid=34561 fd=10: SHARED -> NO_LOCK
DBimpl - LOCK REQUEST: 0x348b5680 1
[1773159757.240619433] LOCK pid=34559 fd=6: NO_LOCK -> SHARED (fallback)
[1773159757.240621207] LOCK pid=34559 fd=6: SHARED -> SHARED
DBimpl - UNLOCK REQUEST: 0x348b5680 0
[1773159757.240825753] UNLOCK pid=34559 fd=6: SHARED -> NO_LOCK
DBimpl - LOCK REQUEST: 0x348b5680 1
[1773159757.267889645] LOCK pid=34561 fd=10: NO_LOCK -> SHARED (fallback)
[1773159757.267893463] LOCK pid=34561 fd=10: SHARED -> SHARED
DBimpl - LOCK REQUEST: 0x348b5680 2
[1773159757.267918581] LOCK pid=34561 fd=10: SHARED -> RESERVED
DBimpl - LOCK REQUEST: 0x348b5680 4
[1773159757.268103640] LOCK pid=34561 fd=10: RESERVED -> PENDING
[1773159757.268105490] LOCK pid=34561 fd=10: PENDING -> EXCLUSIVE
DBimpl - UNLOCK REQUEST: 0x348b5680 1
[1773159757.270920526] UNLOCK pid=34561 fd=10: EXCLUSIVE -> SHARED
DBimpl - UNLOCK REQUEST: 0x348b5680 0
[1773159757.270943545] UNLOCK pid=34561 fd=10: SHARED -> NO_LOCK
DBimpl - LOCK REQUEST: 0x348b5680 1
[1773159757.308984018] LOCK pid=34560 fd=8: NO_LOCK -> SHARED (fallback)
[1773159757.308988937] LOCK pid=34560 fd=8: SHARED -> SHARED
DBimpl - UNLOCK REQUEST: 0x348b5680 0
[1773159757.309380482] UNLOCK pid=34560 fd=8: SHARED -> NO_LOCK
DBimpl - LOCK REQUEST: 0x348b5680 1
[1773159757.352368995] LOCK pid=34561 fd=10: NO_LOCK -> SHARED (fallback)
[1773159757.352372618] LOCK pid=34561 fd=10: SHARED -> SHARED
DBimpl - LOCK REQUEST: 0x348b5680 2
[1773159757.352395618] LOCK pid=34561 fd=10: SHARED -> RESERVED
DBimpl - LOCK REQUEST: 0x348b5680 4
[1773159757.352565693] LOCK pid=34561 fd=10: RESERVED -> PENDING
[1773159757.352567570] LOCK pid=34561 fd=10: PENDING -> EXCLUSIVE
DBimpl - UNLOCK REQUEST: 0x348b5680 1
[1773159757.356343775] UNLOCK pid=34561 fd=10: EXCLUSIVE -> SHARED
DBimpl - UNLOCK REQUEST: 0x348b5680 0
[1773159757.356370625] UNLOCK pid=34561 fd=10: SHARED -> NO_LOCK
DBimpl - LOCK REQUEST: 0x348b5680 1
[1773159757.401266951] LOCK pid=34560 fd=8: NO_LOCK -> SHARED (fallback)
[1773159757.401270683] LOCK pid=34560 fd=8: SHARED -> SHARED
DBimpl - UNLOCK REQUEST: 0x348b5680 0
[1773159757.401519684] UNLOCK pid=34560 fd=8: SHARED -> NO_LOCK
DBimpl - LOCK REQUEST: 0x348b5680 1
[1773159757.444440541] LOCK pid=34560 fd=8: NO_LOCK -> SHARED (fallback)
[1773159757.444448458] LOCK pid=34560 fd=8: SHARED -> SHARED
DBimpl - UNLOCK REQUEST: 0x348b5680 0
[1773159757.444854419] UNLOCK pid=34560 fd=8: SHARED -> NO_LOCK
DBimpl - LOCK REQUEST: 0x348b5680 1
[1773159757.475359807] LOCK pid=34559 fd=6: NO_LOCK -> SHARED (fallback)
[1773159757.475365516] LOCK pid=34559 fd=6: SHARED -> SHARED
DBimpl - UNLOCK REQUEST: 0x348b5680 0
[1773159757.475698213] UNLOCK pid=34559 fd=6: SHARED -> NO_LOCK
DBimpl - LOCK REQUEST: 0x348b5680 1
[1773159757.482194307] LOCK pid=34562 fd=12: NO_LOCK -> SHARED (fallback)
[1773159757.482198013] LOCK pid=34562 fd=12: SHARED -> SHARED
DBimpl - LOCK REQUEST: 0x348b5680 2
[1773159757.482235548] LOCK pid=34562 fd=12: SHARED -> RESERVED
DBimpl - LOCK REQUEST: 0x348b5680 4
[1773159757.482578185] LOCK pid=34562 fd=12: RESERVED -> PENDING
[1773159757.482579995] LOCK pid=34562 fd=12: PENDING -> EXCLUSIVE
DBimpl - UNLOCK REQUEST: 0x348b5680 1
[1773159757.484740383] UNLOCK pid=34562 fd=12: EXCLUSIVE -> SHARED
DBimpl - UNLOCK REQUEST: 0x348b5680 0
[1773159757.484745328] UNLOCK pid=34562 fd=12: SHARED -> NO_LOCK
DBimpl - LOCK REQUEST: 0x348b5680 1
[1773159757.513790009] LOCK pid=34559 fd=6: NO_LOCK -> SHARED (fallback)
[1773159757.513793392] LOCK pid=34559 fd=6: SHARED -> SHARED
DBimpl - UNLOCK REQUEST: 0x348b5680 0
[1773159757.514006627] UNLOCK pid=34559 fd=6: SHARED -> NO_LOCK
DBimpl - LOCK REQUEST: 0x348b5680 1
[1773159757.524237442] LOCK pid=34560 fd=8: NO_LOCK -> SHARED (fallback)
[1773159757.524240762] LOCK pid=34560 fd=8: SHARED -> SHARED
DBimpl - UNLOCK REQUEST: 0x348b5680 0
[1773159757.524468594] UNLOCK pid=34560 fd=8: SHARED -> NO_LOCK
DBimpl - LOCK REQUEST: 0x348b5680 1
[1773159757.525346556] LOCK pid=34559 fd=6: NO_LOCK -> SHARED (fallback)
[1773159757.525348586] LOCK pid=34559 fd=6: SHARED -> SHARED
DBimpl - UNLOCK REQUEST: 0x348b5680 0
[1773159757.525508596] UNLOCK pid=34559 fd=6: SHARED -> NO_LOCK
DBimpl - LOCK REQUEST: 0x348b5680 1
[1773159757.554201373] LOCK pid=34560 fd=8: NO_LOCK -> SHARED (fallback)
[1773159757.554205674] LOCK pid=34560 fd=8: SHARED -> SHARED
DBimpl - UNLOCK REQUEST: 0x348b5680 0
[1773159757.554428524] UNLOCK pid=34560 fd=8: SHARED -> NO_LOCK
DBimpl - LOCK REQUEST: 0x348b5680 1
[1773159757.556604288] LOCK pid=34561 fd=10: NO_LOCK -> SHARED (fallback)
[1773159757.556608212] LOCK pid=34561 fd=10: SHARED -> SHARED
DBimpl - LOCK REQUEST: 0x348b5680 2
[1773159757.556636344] LOCK pid=34561 fd=10: SHARED -> RESERVED
DBimpl - LOCK REQUEST: 0x348b5680 4
[1773159757.557081302] LOCK pid=34561 fd=10: RESERVED -> PENDING
[1773159757.557084063] LOCK pid=34561 fd=10: PENDING -> EXCLUSIVE
DBimpl - UNLOCK REQUEST: 0x348b5680 1
[1773159757.560760303] UNLOCK pid=34561 fd=10: EXCLUSIVE -> SHARED
DBimpl - UNLOCK REQUEST: 0x348b5680 0
[1773159757.560767632] UNLOCK pid=34561 fd=10: SHARED -> NO_LOCK
DBimpl - LOCK REQUEST: 0x348b5680 1
[1773159757.588534630] LOCK pid=34559 fd=6: NO_LOCK -> SHARED (fallback)
[1773159757.588538562] LOCK pid=34559 fd=6: SHARED -> SHARED
DBimpl - UNLOCK REQUEST: 0x348b5680 0
[1773159757.588758309] UNLOCK pid=34559 fd=6: SHARED -> NO_LOCK
DBimpl - LOCK REQUEST: 0x348b5680 1
[1773159757.591909718] LOCK pid=34563 fd=14: NO_LOCK -> SHARED (fallback)
[1773159757.591912940] LOCK pid=34563 fd=14: SHARED -> SHARED
DBimpl - LOCK REQUEST: 0x348b5680 2
[1773159757.591933149] LOCK pid=34563 fd=14: SHARED -> RESERVED
DBimpl - LOCK REQUEST: 0x348b5680 4
[1773159757.592092586] LOCK pid=34563 fd=14: RESERVED -> PENDING
[1773159757.592094426] LOCK pid=34563 fd=14: PENDING -> EXCLUSIVE
DBimpl - UNLOCK REQUEST: 0x348b5680 1
[1773159757.594387716] UNLOCK pid=34563 fd=14: EXCLUSIVE -> SHARED
DBimpl - UNLOCK REQUEST: 0x348b5680 0
[1773159757.594397326] UNLOCK pid=34563 fd=14: SHARED -> NO_LOCK
DBimpl - LOCK REQUEST: 0x348b5680 1
[1773159757.614179203] LOCK pid=34563 fd=14: NO_LOCK -> SHARED (fallback)
[1773159757.614182509] LOCK pid=34563 fd=14: SHARED -> SHARED
DBimpl - LOCK REQUEST: 0x348b5680 2
[1773159757.614199418] LOCK pid=34563 fd=14: SHARED -> RESERVED
DBimpl - LOCK REQUEST: 0x348b5680 4
[1773159757.614357393] LOCK pid=34563 fd=14: RESERVED -> PENDING
[1773159757.614359886] LOCK pid=34563 fd=14: PENDING -> EXCLUSIVE
DBimpl - UNLOCK REQUEST: 0x348b5680 1
[1773159757.616619118] UNLOCK pid=34563 fd=14: EXCLUSIVE -> SHARED
DBimpl - UNLOCK REQUEST: 0x348b5680 0
[1773159757.616624567] UNLOCK pid=34563 fd=14: SHARED -> NO_LOCK
DBimpl - LOCK REQUEST: 0x348b5680 1
[1773159757.627330749] LOCK pid=34560 fd=8: NO_LOCK -> SHARED (fallback)
[1773159757.627333540] LOCK pid=34560 fd=8: SHARED -> SHARED
DBimpl - UNLOCK REQUEST: 0x348b5680 0
[1773159757.627509480] UNLOCK pid=34560 fd=8: SHARED -> NO_LOCK
DBimpl - LOCK REQUEST: 0x348b5680 1
[1773159757.636482518] LOCK pid=34562 fd=12: NO_LOCK -> SHARED (fallback)
[1773159757.636485878] LOCK pid=34562 fd=12: SHARED -> SHARED
DBimpl - LOCK REQUEST: 0x348b5680 2
[1773159757.636508228] LOCK pid=34562 fd=12: SHARED -> RESERVED
DBimpl - LOCK REQUEST: 0x348b5680 4
[1773159757.639690487] LOCK pid=34562 fd=12: RESERVED -> PENDING
[1773159757.639692683] LOCK pid=34562 fd=12: PENDING -> EXCLUSIVE
DBimpl - UNLOCK REQUEST: 0x348b5680 1
[1773159757.642648586] UNLOCK pid=34562 fd=12: EXCLUSIVE -> SHARED
DBimpl - UNLOCK REQUEST: 0x348b5680 0
[1773159757.642654495] UNLOCK pid=34562 fd=12: SHARED -> NO_LOCK
DBimpl - LOCK REQUEST: 0x348b5680 1
[1773159757.645559711] LOCK pid=34560 fd=8: NO_LOCK -> SHARED (fallback)
[1773159757.645561946] LOCK pid=34560 fd=8: SHARED -> SHARED
DBimpl - UNLOCK REQUEST: 0x348b5680 0
[1773159757.645802483] UNLOCK pid=34560 fd=8: SHARED -> NO_LOCK
DBimpl - LOCK REQUEST: 0x348b5680 1
[1773159757.656864488] LOCK pid=34562 fd=12: NO_LOCK -> SHARED (fallback)
[1773159757.656867901] LOCK pid=34562 fd=12: SHARED -> SHARED
DBimpl - LOCK REQUEST: 0x348b5680 2
[1773159757.656889621] LOCK pid=34562 fd=12: SHARED -> RESERVED
DBimpl - LOCK REQUEST: 0x348b5680 4
[1773159757.657293061] LOCK pid=34562 fd=12: RESERVED -> PENDING
[1773159757.657295152] LOCK pid=34562 fd=12: PENDING -> EXCLUSIVE
DBimpl - UNLOCK REQUEST: 0x348b5680 1
[1773159757.657300161] UNLOCK pid=34562 fd=12: EXCLUSIVE -> SHARED
DBimpl - UNLOCK REQUEST: 0x348b5680 0
[1773159757.657304627] UNLOCK pid=34562 fd=12: SHARED -> NO_LOCK
DBimpl - LOCK REQUEST: 0x348b5680 1
[1773159757.668928536] LOCK pid=34563 fd=14: NO_LOCK -> SHARED (fallback)
[1773159757.668931554] LOCK pid=34563 fd=14: SHARED -> SHARED
DBimpl - LOCK REQUEST: 0x348b5680 2
[1773159757.668945648] LOCK pid=34563 fd=14: SHARED -> RESERVED
DBimpl - LOCK REQUEST: 0x348b5680 4
[1773159757.669115083] LOCK pid=34563 fd=14: RESERVED -> PENDING
[1773159757.669116763] LOCK pid=34563 fd=14: PENDING -> EXCLUSIVE
DBimpl - UNLOCK REQUEST: 0x348b5680 1
[1773159757.672772453] UNLOCK pid=34563 fd=14: EXCLUSIVE -> SHARED
DBimpl - UNLOCK REQUEST: 0x348b5680 0
[1773159757.672780096] UNLOCK pid=34563 fd=14: SHARED -> NO_LOCK
DBimpl - LOCK REQUEST: 0x348b5680 1
[1773159757.699281088] LOCK pid=34560 fd=8: NO_LOCK -> SHARED (fallback)
[1773159757.699285274] LOCK pid=34560 fd=8: SHARED -> SHARED
DBimpl - UNLOCK REQUEST: 0x348b5680 0
[1773159757.699525970] UNLOCK pid=34560 fd=8: SHARED -> NO_LOCK
DBimpl - LOCK REQUEST: 0x348b5680 1
[1773159757.703911058] LOCK pid=34562 fd=12: NO_LOCK -> SHARED (fallback)
[1773159757.703914845] LOCK pid=34562 fd=12: SHARED -> SHARED
DBimpl - LOCK REQUEST: 0x348b5680 2
[1773159757.703940398] LOCK pid=34562 fd=12: SHARED -> RESERVED
DBimpl - LOCK REQUEST: 0x348b5680 4
[1773159757.706082475] LOCK pid=34562 fd=12: RESERVED -> PENDING
[1773159757.706084620] LOCK pid=34562 fd=12: PENDING -> EXCLUSIVE
DBimpl - UNLOCK REQUEST: 0x348b5680 1
[1773159757.708104033] UNLOCK pid=34562 fd=12: EXCLUSIVE -> SHARED
DBimpl - UNLOCK REQUEST: 0x348b5680 0
[1773159757.708115724] UNLOCK pid=34562 fd=12: SHARED -> NO_LOCK
DBimpl - LOCK REQUEST: 0x348b5680 1
[1773159757.743848936] LOCK pid=34560 fd=8: NO_LOCK -> SHARED (fallback)
[1773159757.743853261] LOCK pid=34560 fd=8: SHARED -> SHARED
DBimpl - UNLOCK REQUEST: 0x348b5680 0
[1773159757.744106719] UNLOCK pid=34560 fd=8: SHARED -> NO_LOCK
DBimpl - LOCK REQUEST: 0x348b5680 1
[1773159757.747195925] LOCK pid=34561 fd=10: NO_LOCK -> SHARED (fallback)
[1773159757.747198176] LOCK pid=34561 fd=10: SHARED -> SHARED
DBimpl - LOCK REQUEST: 0x348b5680 2
[1773159757.747226876] LOCK pid=34561 fd=10: SHARED -> RESERVED
DBimpl - LOCK REQUEST: 0x348b5680 4
[1773159757.747385633] LOCK pid=34561 fd=10: RESERVED -> PENDING
[1773159757.747387626] LOCK pid=34561 fd=10: PENDING -> EXCLUSIVE
DBimpl - UNLOCK REQUEST: 0x348b5680 1
[1773159757.749863168] UNLOCK pid=34561 fd=10: EXCLUSIVE -> SHARED
DBimpl - UNLOCK REQUEST: 0x348b5680 0
[1773159757.749869906] UNLOCK pid=34561 fd=10: SHARED -> NO_LOCK
DBimpl - LOCK REQUEST: 0x348b5680 1
[1773159757.793717433] LOCK pid=34560 fd=8: NO_LOCK -> SHARED (fallback)
[1773159757.793720801] LOCK pid=34560 fd=8: SHARED -> SHARED
DBimpl - UNLOCK REQUEST: 0x348b5680 0
[1773159757.793959784] UNLOCK pid=34560 fd=8: SHARED -> NO_LOCK
DBimpl - LOCK REQUEST: 0x348b5680 1
[1773159757.887807175] LOCK pid=34561 fd=10: NO_LOCK -> SHARED (fallback)
[1773159757.887811492] LOCK pid=34561 fd=10: SHARED -> SHARED
DBimpl - LOCK REQUEST: 0x348b5680 2
[1773159757.887851129] LOCK pid=34561 fd=10: SHARED -> RESERVED
DBimpl - LOCK REQUEST: 0x348b5680 4
[1773159757.888340638] LOCK pid=34561 fd=10: RESERVED -> PENDING
[1773159757.888342861] LOCK pid=34561 fd=10: PENDING -> EXCLUSIVE
DBimpl - LOCK REQUEST: 0x348b5680 1
DBimpl - LOCK REQUEST: 0x348b5680 1
DBimpl - LOCK REQUEST: 0x348b5680 1
DBimpl - LOCK REQUEST: 0x348b5680 1
DBimpl - LOCK REQUEST: 0x348b5680 1
DBimpl - LOCK REQUEST: 0x348b5680 1
DBimpl - UNLOCK REQUEST: 0x348b5680 1
[1773159757.896556964] UNLOCK pid=34561 fd=10: EXCLUSIVE -> SHARED
DBimpl - UNLOCK REQUEST: 0x348b5680 0
[1773159757.896566604] UNLOCK pid=34561 fd=10: SHARED -> NO_LOCK
DBimpl - LOCK REQUEST: 0x348b5680 1
[1773159757.898702570] LOCK pid=34559 fd=6: NO_LOCK -> SHARED (fallback)
[1773159757.898707235] LOCK pid=34559 fd=6: SHARED -> SHARED
DBimpl - UNLOCK REQUEST: 0x348b5680 0
[1773159757.899011381] UNLOCK pid=34559 fd=6: SHARED -> NO_LOCK
DBimpl - LOCK REQUEST: 0x348b5680 1
[1773159757.899301592] LOCK pid=34562 fd=12: NO_LOCK -> SHARED (fallback)
[1773159757.899303525] LOCK pid=34562 fd=12: SHARED -> SHARED
DBimpl - LOCK REQUEST: 0x348b5680 2
[1773159757.899316910] LOCK pid=34562 fd=12: SHARED -> RESERVED
DBimpl - LOCK REQUEST: 0x348b5680 4
[1773159757.899989581] LOCK pid=34562 fd=12: RESERVED -> PENDING
[1773159757.899991659] LOCK pid=34562 fd=12: PENDING -> EXCLUSIVE
DBimpl - LOCK REQUEST: 0x348b5680 1
DBimpl - UNLOCK REQUEST: 0x348b5680 1
[1773159757.903603949] UNLOCK pid=34562 fd=12: EXCLUSIVE -> SHARED
DBimpl - UNLOCK REQUEST: 0x348b5680 0
[1773159757.903609449] UNLOCK pid=34562 fd=12: SHARED -> NO_LOCK
DBimpl - LOCK REQUEST: 0x348b5680 1
[1773159757.911299977] LOCK pid=34560 fd=8: NO_LOCK -> SHARED (fallback)
[1773159757.911302280] LOCK pid=34560 fd=8: SHARED -> SHARED
DBimpl - UNLOCK REQUEST: 0x348b5680 0
[1773159757.911536005] UNLOCK pid=34560 fd=8: SHARED -> NO_LOCK
DBimpl - LOCK REQUEST: 0x348b5680 1
[1773159757.936774593] LOCK pid=34561 fd=10: NO_LOCK -> SHARED (fallback)
[1773159757.936778196] LOCK pid=34561 fd=10: SHARED -> SHARED
DBimpl - LOCK REQUEST: 0x348b5680 2
[1773159757.936807217] LOCK pid=34561 fd=10: SHARED -> RESERVED
DBimpl - LOCK REQUEST: 0x348b5680 4
[1773159757.937253189] LOCK pid=34561 fd=10: RESERVED -> PENDING
[1773159757.937255251] LOCK pid=34561 fd=10: PENDING -> EXCLUSIVE
DBimpl - LOCK REQUEST: 0x348b5680 1
DBimpl - UNLOCK REQUEST: 0x348b5680 1
[1773159757.940282723] UNLOCK pid=34561 fd=10: EXCLUSIVE -> SHARED
DBimpl - UNLOCK REQUEST: 0x348b5680 0
[1773159757.940291054] UNLOCK pid=34561 fd=10: SHARED -> NO_LOCK
DBimpl - LOCK REQUEST: 0x348b5680 1
[1773159757.940758202] LOCK pid=34563 fd=14: NO_LOCK -> SHARED (fallback)
[1773159757.940761666] LOCK pid=34563 fd=14: SHARED -> SHARED
DBimpl - LOCK REQUEST: 0x348b5680 2
[1773159757.940782998] LOCK pid=34563 fd=14: SHARED -> RESERVED
DBimpl - LOCK REQUEST: 0x348b5680 4
[1773159757.940983637] LOCK pid=34563 fd=14: RESERVED -> PENDING
[1773159757.940985774] LOCK pid=34563 fd=14: PENDING -> EXCLUSIVE
DBimpl - UNLOCK REQUEST: 0x348b5680 1
[1773159757.942914531] UNLOCK pid=34563 fd=14: EXCLUSIVE -> SHARED
DBimpl - UNLOCK REQUEST: 0x348b5680 0
[1773159757.942920843] UNLOCK pid=34563 fd=14: SHARED -> NO_LOCK
DBimpl - LOCK REQUEST: 0x348b5680 1
[1773159757.997808941] LOCK pid=34560 fd=8: NO_LOCK -> SHARED (fallback)
[1773159757.997812373] LOCK pid=34560 fd=8: SHARED -> SHARED
DBimpl - UNLOCK REQUEST: 0x348b5680 0
[1773159757.998040229] UNLOCK pid=34560 fd=8: SHARED -> NO_LOCK
DBimpl - LOCK REQUEST: 0x348b5680 1
[1773159758.004507703] LOCK pid=34560 fd=8: NO_LOCK -> SHARED (fallback)
[1773159758.004509885] LOCK pid=34560 fd=8: SHARED -> SHARED
DBimpl - UNLOCK REQUEST: 0x348b5680 0
[1773159758.004679759] UNLOCK pid=34560 fd=8: SHARED -> NO_LOCK
DBimpl - LOCK REQUEST: 0x348b5680 1
[1773159758.022975370] LOCK pid=34559 fd=6: NO_LOCK -> SHARED (fallback)
[1773159758.022979267] LOCK pid=34559 fd=6: SHARED -> SHARED
DBimpl - UNLOCK REQUEST: 0x348b5680 0
[1773159758.023199171] UNLOCK pid=34559 fd=6: SHARED -> NO_LOCK
DBimpl - LOCK REQUEST: 0x348b5680 1
[1773159758.132556034] LOCK pid=34561 fd=10: NO_LOCK -> SHARED (fallback)
[1773159758.132559882] LOCK pid=34561 fd=10: SHARED -> SHARED
DBimpl - LOCK REQUEST: 0x348b5680 2
[1773159758.132597040] LOCK pid=34561 fd=10: SHARED -> RESERVED
DBimpl - LOCK REQUEST: 0x348b5680 4
[1773159758.133196938] LOCK pid=34561 fd=10: RESERVED -> PENDING
[1773159758.133200316] LOCK pid=34561 fd=10: PENDING -> EXCLUSIVE
DBimpl - LOCK REQUEST: 0x348b5680 1
DBimpl - LOCK REQUEST: 0x348b5680 1
DBimpl - LOCK REQUEST: 0x348b5680 1
DBimpl - UNLOCK REQUEST: 0x348b5680 1
[1773159758.141716702] UNLOCK pid=34561 fd=10: EXCLUSIVE -> SHARED
DBimpl - UNLOCK REQUEST: 0x348b5680 0
[1773159758.141732130] UNLOCK pid=34561 fd=10: SHARED -> NO_LOCK
DBimpl - LOCK REQUEST: 0x348b5680 1
[1773159758.144406350] LOCK pid=34562 fd=12: NO_LOCK -> SHARED (fallback)
[1773159758.144410087] LOCK pid=34562 fd=12: SHARED -> SHARED
DBimpl - LOCK REQUEST: 0x348b5680 2
[1773159758.144439126] LOCK pid=34562 fd=12: SHARED -> RESERVED
DBimpl - LOCK REQUEST: 0x348b5680 4
[1773159758.146047144] LOCK pid=34562 fd=12: RESERVED -> PENDING
[1773159758.146049384] LOCK pid=34562 fd=12: PENDING -> EXCLUSIVE
DBimpl - UNLOCK REQUEST: 0x348b5680 1
[1773159758.147813772] UNLOCK pid=34562 fd=12: EXCLUSIVE -> SHARED
DBimpl - UNLOCK REQUEST: 0x348b5680 0
[1773159758.147818035] UNLOCK pid=34562 fd=12: SHARED -> NO_LOCK
DBimpl - LOCK REQUEST: 0x348b5680 1
[1773159758.160143934] LOCK pid=34560 fd=8: NO_LOCK -> SHARED (fallback)
[1773159758.160146685] LOCK pid=34560 fd=8: SHARED -> SHARED
DBimpl - UNLOCK REQUEST: 0x348b5680 0
[1773159758.160370885] UNLOCK pid=34560 fd=8: SHARED -> NO_LOCK
DBimpl - UNLOCK REQUEST: 0x348b5680 0
DBimpl - LOCK REQUEST: 0x348b5680 1
[1773159758.161353447] LOCK pid=34563 fd=14: NO_LOCK -> SHARED (fallback)
[1773159758.161355268] LOCK pid=34563 fd=14: SHARED -> SHARED
DBimpl - LOCK REQUEST: 0x348b5680 2
[1773159758.161368207] LOCK pid=34563 fd=14: SHARED -> RESERVED
DBimpl - LOCK REQUEST: 0x348b5680 4
[1773159758.161513530] LOCK pid=34563 fd=14: RESERVED -> PENDING
[1773159758.161515882] LOCK pid=34563 fd=14: PENDING -> EXCLUSIVE
DBimpl - UNLOCK REQUEST: 0x348b5680 1
[1773159758.163276067] UNLOCK pid=34563 fd=14: EXCLUSIVE -> SHARED
DBimpl - UNLOCK REQUEST: 0x348b5680 0
[1773159758.163281258] UNLOCK pid=34563 fd=14: SHARED -> NO_LOCK
DBimpl - LOCK REQUEST: 0x348b5680 1
[1773159758.166734534] LOCK pid=34559 fd=6: NO_LOCK -> SHARED (fallback)
[1773159758.166736799] LOCK pid=34559 fd=6: SHARED -> SHARED
DBimpl - UNLOCK REQUEST: 0x348b5680 0
[1773159758.166883311] UNLOCK pid=34559 fd=6: SHARED -> NO_LOCK
DBimpl - LOCK REQUEST: 0x348b5680 1
[1773159758.192331596] LOCK pid=34561 fd=10: NO_LOCK -> SHARED (fallback)
[1773159758.192335571] LOCK pid=34561 fd=10: SHARED -> SHARED
DBimpl - LOCK REQUEST: 0x348b5680 2
[1773159758.192363211] LOCK pid=34561 fd=10: SHARED -> RESERVED
DBimpl - LOCK REQUEST: 0x348b5680 4
[1773159758.192929531] LOCK pid=34561 fd=10: RESERVED -> PENDING
[1773159758.192932372] LOCK pid=34561 fd=10: PENDING -> EXCLUSIVE
DBimpl - UNLOCK REQUEST: 0x348b5680 1
[1773159758.195245113] UNLOCK pid=34561 fd=10: EXCLUSIVE -> SHARED
DBimpl - UNLOCK REQUEST: 0x348b5680 0
[1773159758.195252797] UNLOCK pid=34561 fd=10: SHARED -> NO_LOCK
DBimpl - LOCK REQUEST: 0x348b5680 1
[1773159758.197728566] LOCK pid=34559 fd=6: NO_LOCK -> SHARED (fallback)
[1773159758.197731147] LOCK pid=34559 fd=6: SHARED -> SHARED
DBimpl - UNLOCK REQUEST: 0x348b5680 0
[1773159758.197887467] UNLOCK pid=34559 fd=6: SHARED -> NO_LOCK
DBimpl - LOCK REQUEST: 0x348b5680 1
[1773159758.203326018] LOCK pid=34562 fd=12: NO_LOCK -> SHARED (fallback)
[1773159758.203327583] LOCK pid=34562 fd=12: SHARED -> SHARED
DBimpl - LOCK REQUEST: 0x348b5680 2
[1773159758.203336937] LOCK pid=34562 fd=12: SHARED -> RESERVED
DBimpl - LOCK REQUEST: 0x348b5680 4
[1773159758.207268843] LOCK pid=34562 fd=12: RESERVED -> PENDING
[1773159758.207270794] LOCK pid=34562 fd=12: PENDING -> EXCLUSIVE
DBimpl - UNLOCK REQUEST: 0x348b5680 1
[1773159758.209431066] UNLOCK pid=34562 fd=12: EXCLUSIVE -> SHARED
DBimpl - UNLOCK REQUEST: 0x348b5680 0
[1773159758.209436088] UNLOCK pid=34562 fd=12: SHARED -> NO_LOCK
DBimpl - LOCK REQUEST: 0x348b5680 1
[1773159758.217090059] LOCK pid=34561 fd=10: NO_LOCK -> SHARED (fallback)
[1773159758.217092568] LOCK pid=34561 fd=10: SHARED -> SHARED
DBimpl - LOCK REQUEST: 0x348b5680 2
[1773159758.217114179] LOCK pid=34561 fd=10: SHARED -> RESERVED
DBimpl - LOCK REQUEST: 0x348b5680 4
[1773159758.217333627] LOCK pid=34561 fd=10: RESERVED -> PENDING
[1773159758.217336282] LOCK pid=34561 fd=10: PENDING -> EXCLUSIVE
DBimpl - UNLOCK REQUEST: 0x348b5680 1
[1773159758.219352202] UNLOCK pid=34561 fd=10: EXCLUSIVE -> SHARED
DBimpl - UNLOCK REQUEST: 0x348b5680 0
[1773159758.219358208] UNLOCK pid=34561 fd=10: SHARED -> NO_LOCK
DBimpl - LOCK REQUEST: 0x348b5680 1
[1773159758.266006274] LOCK pid=34562 fd=12: NO_LOCK -> SHARED (fallback)
[1773159758.266009694] LOCK pid=34562 fd=12: SHARED -> SHARED
DBimpl - LOCK REQUEST: 0x348b5680 2
[1773159758.266053405] LOCK pid=34562 fd=12: SHARED -> RESERVED
DBimpl - LOCK REQUEST: 0x348b5680 4
[1773159758.266400686] LOCK pid=34562 fd=12: RESERVED -> PENDING
[1773159758.266402709] LOCK pid=34562 fd=12: PENDING -> EXCLUSIVE
DBimpl - UNLOCK REQUEST: 0x348b5680 1
[1773159758.266408192] UNLOCK pid=34562 fd=12: EXCLUSIVE -> SHARED
DBimpl - UNLOCK REQUEST: 0x348b5680 0
[1773159758.266428243] UNLOCK pid=34562 fd=12: SHARED -> NO_LOCK
DBimpl - LOCK REQUEST: 0x348b5680 1
[1773159758.321053233] LOCK pid=34563 fd=14: NO_LOCK -> SHARED (fallback)
[1773159758.321069129] LOCK pid=34563 fd=14: SHARED -> SHARED
DBimpl - LOCK REQUEST: 0x348b5680 2
[1773159758.321176246] LOCK pid=34563 fd=14: SHARED -> RESERVED
DBimpl - LOCK REQUEST: 0x348b5680 4
[1773159758.321489750] LOCK pid=34563 fd=14: RESERVED -> PENDING
[1773159758.321491738] LOCK pid=34563 fd=14: PENDING -> EXCLUSIVE
DBimpl - UNLOCK REQUEST: 0x348b5680 1
[1773159758.329466819] UNLOCK pid=34563 fd=14: EXCLUSIVE -> SHARED
DBimpl - UNLOCK REQUEST: 0x348b5680 0
[1773159758.329477303] UNLOCK pid=34563 fd=14: SHARED -> NO_LOCK
DBimpl - LOCK REQUEST: 0x348b5680 1
[1773159758.366128057] LOCK pid=34562 fd=12: NO_LOCK -> SHARED (fallback)
[1773159758.366132050] LOCK pid=34562 fd=12: SHARED -> SHARED
DBimpl - LOCK REQUEST: 0x348b5680 2
[1773159758.366168723] LOCK pid=34562 fd=12: SHARED -> RESERVED
DBimpl - LOCK REQUEST: 0x348b5680 4
[1773159758.372475833] LOCK pid=34562 fd=12: RESERVED -> PENDING
[1773159758.372481401] LOCK pid=34562 fd=12: PENDING -> EXCLUSIVE
DBimpl - UNLOCK REQUEST: 0x348b5680 1
[1773159758.380419743] UNLOCK pid=34562 fd=12: EXCLUSIVE -> SHARED
DBimpl - UNLOCK REQUEST: 0x348b5680 0
[1773159758.380430378] UNLOCK pid=34562 fd=12: SHARED -> NO_LOCK
DBimpl - LOCK REQUEST: 0x348b5680 1
[1773159758.398894140] LOCK pid=34561 fd=10: NO_LOCK -> SHARED (fallback)
[1773159758.398898648] LOCK pid=34561 fd=10: SHARED -> SHARED
DBimpl - LOCK REQUEST: 0x348b5680 2
[1773159758.398928522] LOCK pid=34561 fd=10: SHARED -> RESERVED
DBimpl - LOCK REQUEST: 0x348b5680 4
[1773159758.399649996] LOCK pid=34561 fd=10: RESERVED -> PENDING
[1773159758.399653046] LOCK pid=34561 fd=10: PENDING -> EXCLUSIVE
DBimpl - UNLOCK REQUEST: 0x348b5680 1
[1773159758.401865952] UNLOCK pid=34561 fd=10: EXCLUSIVE -> SHARED
DBimpl - UNLOCK REQUEST: 0x348b5680 0
[1773159758.401871983] UNLOCK pid=34561 fd=10: SHARED -> NO_LOCK
DBimpl - LOCK REQUEST: 0x348b5680 1
[1773159758.412789738] LOCK pid=34559 fd=6: NO_LOCK -> SHARED (fallback)
[1773159758.412792701] LOCK pid=34559 fd=6: SHARED -> SHARED
DBimpl - UNLOCK REQUEST: 0x348b5680 0
[1773159758.413119358] UNLOCK pid=34559 fd=6: SHARED -> NO_LOCK
DBimpl - LOCK REQUEST: 0x348b5680 1
[1773159758.414581173] LOCK pid=34563 fd=14: NO_LOCK -> SHARED (fallback)
[1773159758.414585016] LOCK pid=34563 fd=14: SHARED -> SHARED
DBimpl - LOCK REQUEST: 0x348b5680 2
[1773159758.414615126] LOCK pid=34563 fd=14: SHARED -> RESERVED
DBimpl - LOCK REQUEST: 0x348b5680 4
[1773159758.414870881] LOCK pid=34563 fd=14: RESERVED -> PENDING
[1773159758.414873915] LOCK pid=34563 fd=14: PENDING -> EXCLUSIVE
DBimpl - UNLOCK REQUEST: 0x348b5680 1
[1773159758.417606953] UNLOCK pid=34563 fd=14: EXCLUSIVE -> SHARED
DBimpl - UNLOCK REQUEST: 0x348b5680 0
[1773159758.417612699] UNLOCK pid=34563 fd=14: SHARED -> NO_LOCK
DBimpl - LOCK REQUEST: 0x348b5680 1
[1773159758.461297096] LOCK pid=34559 fd=6: NO_LOCK -> SHARED (fallback)
[1773159758.461301063] LOCK pid=34559 fd=6: SHARED -> SHARED
DBimpl - UNLOCK REQUEST: 0x348b5680 0
[1773159758.461492439] UNLOCK pid=34559 fd=6: SHARED -> NO_LOCK
DBimpl - LOCK REQUEST: 0x348b5680 1
[1773159758.469094938] LOCK pid=34559 fd=6: NO_LOCK -> SHARED (fallback)
[1773159758.469098787] LOCK pid=34559 fd=6: SHARED -> SHARED
DBimpl - UNLOCK REQUEST: 0x348b5680 0
[1773159758.469391723] UNLOCK pid=34559 fd=6: SHARED -> NO_LOCK
DBimpl - LOCK REQUEST: 0x348b5680 1
[1773159758.539380965] LOCK pid=34559 fd=6: NO_LOCK -> SHARED (fallback)
[1773159758.539385062] LOCK pid=34559 fd=6: SHARED -> SHARED
DBimpl - UNLOCK REQUEST: 0x348b5680 0
[1773159758.539580548] UNLOCK pid=34559 fd=6: SHARED -> NO_LOCK
DBimpl - UNLOCK REQUEST: 0x348b5680 0
DBimpl - LOCK REQUEST: 0x348b5680 1
[1773159758.544673552] LOCK pid=34563 fd=14: NO_LOCK -> SHARED (fallback)
[1773159758.544677569] LOCK pid=34563 fd=14: SHARED -> SHARED
DBimpl - LOCK REQUEST: 0x348b5680 2
[1773159758.544695397] LOCK pid=34563 fd=14: SHARED -> RESERVED
DBimpl - LOCK REQUEST: 0x348b5680 4
[1773159758.544881111] LOCK pid=34563 fd=14: RESERVED -> PENDING
[1773159758.544882957] LOCK pid=34563 fd=14: PENDING -> EXCLUSIVE
DBimpl - UNLOCK REQUEST: 0x348b5680 1
[1773159758.553374249] UNLOCK pid=34563 fd=14: EXCLUSIVE -> SHARED
DBimpl - UNLOCK REQUEST: 0x348b5680 0
[1773159758.553382825] UNLOCK pid=34563 fd=14: SHARED -> NO_LOCK
DBimpl - LOCK REQUEST: 0x348b5680 1
[1773159758.564847288] LOCK pid=34562 fd=12: NO_LOCK -> SHARED (fallback)
[1773159758.564850618] LOCK pid=34562 fd=12: SHARED -> SHARED
DBimpl - LOCK REQUEST: 0x348b5680 2
[1773159758.564877946] LOCK pid=34562 fd=12: SHARED -> RESERVED
DBimpl - LOCK REQUEST: 0x348b5680 4
[1773159758.569213205] LOCK pid=34562 fd=12: RESERVED -> PENDING
[1773159758.569215174] LOCK pid=34562 fd=12: PENDING -> EXCLUSIVE
DBimpl - UNLOCK REQUEST: 0x348b5680 1
[1773159758.572204483] UNLOCK pid=34562 fd=12: EXCLUSIVE -> SHARED
DBimpl - UNLOCK REQUEST: 0x348b5680 0
[1773159758.572211106] UNLOCK pid=34562 fd=12: SHARED -> NO_LOCK
DBimpl - LOCK REQUEST: 0x348b5680 1
[1773159758.587997840] LOCK pid=34563 fd=14: NO_LOCK -> SHARED (fallback)
[1773159758.588000166] LOCK pid=34563 fd=14: SHARED -> SHARED
DBimpl - LOCK REQUEST: 0x348b5680 2
[1773159758.588014960] LOCK pid=34563 fd=14: SHARED -> RESERVED
DBimpl - LOCK REQUEST: 0x348b5680 4
[1773159758.588155571] LOCK pid=34563 fd=14: RESERVED -> PENDING
[1773159758.588161015] LOCK pid=34563 fd=14: PENDING -> EXCLUSIVE
DBimpl - UNLOCK REQUEST: 0x348b5680 1
[1773159758.590020561] UNLOCK pid=34563 fd=14: EXCLUSIVE -> SHARED
DBimpl - UNLOCK REQUEST: 0x348b5680 0
[1773159758.590024805] UNLOCK pid=34563 fd=14: SHARED -> NO_LOCK
DBimpl - LOCK REQUEST: 0x348b5680 1
[1773159758.591936612] LOCK pid=34562 fd=12: NO_LOCK -> SHARED (fallback)
[1773159758.591938699] LOCK pid=34562 fd=12: SHARED -> SHARED
DBimpl - LOCK REQUEST: 0x348b5680 2
[1773159758.591951097] LOCK pid=34562 fd=12: SHARED -> RESERVED
DBimpl - LOCK REQUEST: 0x348b5680 4
[1773159758.596454223] LOCK pid=34562 fd=12: RESERVED -> PENDING
[1773159758.596456410] LOCK pid=34562 fd=12: PENDING -> EXCLUSIVE
DBimpl - UNLOCK REQUEST: 0x348b5680 1
[1773159758.598889220] UNLOCK pid=34562 fd=12: EXCLUSIVE -> SHARED
DBimpl - UNLOCK REQUEST: 0x348b5680 0
[1773159758.598894249] UNLOCK pid=34562 fd=12: SHARED -> NO_LOCK
DBimpl - LOCK REQUEST: 0x348b5680 1
[1773159758.615925884] LOCK pid=34563 fd=14: NO_LOCK -> SHARED (fallback)
[1773159758.615930910] LOCK pid=34563 fd=14: SHARED -> SHARED
DBimpl - LOCK REQUEST: 0x348b5680 2
[1773159758.615969403] LOCK pid=34563 fd=14: SHARED -> RESERVED
DBimpl - LOCK REQUEST: 0x348b5680 4
[1773159758.616231871] LOCK pid=34563 fd=14: RESERVED -> PENDING
[1773159758.616234452] LOCK pid=34563 fd=14: PENDING -> EXCLUSIVE
DBimpl - UNLOCK REQUEST: 0x348b5680 1
[1773159758.621859299] UNLOCK pid=34563 fd=14: EXCLUSIVE -> SHARED
DBimpl - UNLOCK REQUEST: 0x348b5680 0
[1773159758.621864683] UNLOCK pid=34563 fd=14: SHARED -> NO_LOCK
DBimpl - LOCK REQUEST: 0x348b5680 1
[1773159758.636831361] LOCK pid=34562 fd=12: NO_LOCK -> SHARED (fallback)
[1773159758.636834327] LOCK pid=34562 fd=12: SHARED -> SHARED
DBimpl - LOCK REQUEST: 0x348b5680 2
[1773159758.636866189] LOCK pid=34562 fd=12: SHARED -> RESERVED
DBimpl - LOCK REQUEST: 0x348b5680 4
[1773159758.639425082] LOCK pid=34562 fd=12: RESERVED -> PENDING
[1773159758.639426987] LOCK pid=34562 fd=12: PENDING -> EXCLUSIVE
DBimpl - UNLOCK REQUEST: 0x348b5680 1
[1773159758.642439492] UNLOCK pid=34562 fd=12: EXCLUSIVE -> SHARED
DBimpl - UNLOCK REQUEST: 0x348b5680 0
[1773159758.642447711] UNLOCK pid=34562 fd=12: SHARED -> NO_LOCK
DBimpl - LOCK REQUEST: 0x348b5680 1
[1773159758.646256678] LOCK pid=34561 fd=10: NO_LOCK -> SHARED (fallback)
[1773159758.646260102] LOCK pid=34561 fd=10: SHARED -> SHARED
DBimpl - LOCK REQUEST: 0x348b5680 2
[1773159758.646275171] LOCK pid=34561 fd=10: SHARED -> RESERVED
DBimpl - LOCK REQUEST: 0x348b5680 4
[1773159758.646667548] LOCK pid=34561 fd=10: RESERVED -> PENDING
[1773159758.646669583] LOCK pid=34561 fd=10: PENDING -> EXCLUSIVE
DBimpl - UNLOCK REQUEST: 0x348b5680 1
[1773159758.648779677] UNLOCK pid=34561 fd=10: EXCLUSIVE -> SHARED
DBimpl - UNLOCK REQUEST: 0x348b5680 0
[1773159758.648784928] UNLOCK pid=34561 fd=10: SHARED -> NO_LOCK
DBimpl - UNLOCK REQUEST: 0x348b5680 0
DBimpl - LOCK REQUEST: 0x348b5680 1
[1773159758.730490612] LOCK pid=34563 fd=14: NO_LOCK -> SHARED (fallback)
[1773159758.730495222] LOCK pid=34563 fd=14: SHARED -> SHARED
DBimpl - LOCK REQUEST: 0x348b5680 2
[1773159758.730524645] LOCK pid=34563 fd=14: SHARED -> RESERVED
DBimpl - LOCK REQUEST: 0x348b5680 4
[1773159758.730747228] LOCK pid=34563 fd=14: RESERVED -> PENDING
[1773159758.730749639] LOCK pid=34563 fd=14: PENDING -> EXCLUSIVE
DBimpl - UNLOCK REQUEST: 0x348b5680 1
[1773159758.734653943] UNLOCK pid=34563 fd=14: EXCLUSIVE -> SHARED
DBimpl - UNLOCK REQUEST: 0x348b5680 0
[1773159758.734661496] UNLOCK pid=34563 fd=14: SHARED -> NO_LOCK
DBimpl - LOCK REQUEST: 0x348b5680 1
[1773159758.796567266] LOCK pid=34563 fd=14: NO_LOCK -> SHARED (fallback)
[1773159758.796571400] LOCK pid=34563 fd=14: SHARED -> SHARED
DBimpl - LOCK REQUEST: 0x348b5680 2
[1773159758.796603220] LOCK pid=34563 fd=14: SHARED -> RESERVED
DBimpl - LOCK REQUEST: 0x348b5680 4
[1773159758.796879064] LOCK pid=34563 fd=14: RESERVED -> PENDING
[1773159758.796881625] LOCK pid=34563 fd=14: PENDING -> EXCLUSIVE
DBimpl - UNLOCK REQUEST: 0x348b5680 1
[1773159758.799223482] UNLOCK pid=34563 fd=14: EXCLUSIVE -> SHARED
DBimpl - UNLOCK REQUEST: 0x348b5680 0
[1773159758.799234879] UNLOCK pid=34563 fd=14: SHARED -> NO_LOCK
DBimpl - LOCK REQUEST: 0x348b5680 1
[1773159758.821743731] LOCK pid=34562 fd=12: NO_LOCK -> SHARED (fallback)
[1773159758.821748499] LOCK pid=34562 fd=12: SHARED -> SHARED
DBimpl - LOCK REQUEST: 0x348b5680 2
[1773159758.821779695] LOCK pid=34562 fd=12: SHARED -> RESERVED
DBimpl - LOCK REQUEST: 0x348b5680 4
[1773159758.825013518] LOCK pid=34562 fd=12: RESERVED -> PENDING
[1773159758.825015644] LOCK pid=34562 fd=12: PENDING -> EXCLUSIVE
DBimpl - UNLOCK REQUEST: 0x348b5680 1
[1773159758.827813801] UNLOCK pid=34562 fd=12: EXCLUSIVE -> SHARED
DBimpl - UNLOCK REQUEST: 0x348b5680 0
[1773159758.827818728] UNLOCK pid=34562 fd=12: SHARED -> NO_LOCK
DBimpl - LOCK REQUEST: 0x348b5680 1
[1773159758.858910936] LOCK pid=34563 fd=14: NO_LOCK -> SHARED (fallback)
[1773159758.858914206] LOCK pid=34563 fd=14: SHARED -> SHARED
DBimpl - LOCK REQUEST: 0x348b5680 2
[1773159758.858950056] LOCK pid=34563 fd=14: SHARED -> RESERVED
DBimpl - LOCK REQUEST: 0x348b5680 4
[1773159758.859119863] LOCK pid=34563 fd=14: RESERVED -> PENDING
[1773159758.859121627] LOCK pid=34563 fd=14: PENDING -> EXCLUSIVE
DBimpl - UNLOCK REQUEST: 0x348b5680 1
[1773159758.861352278] UNLOCK pid=34563 fd=14: EXCLUSIVE -> SHARED
DBimpl - UNLOCK REQUEST: 0x348b5680 0
[1773159758.861359901] UNLOCK pid=34563 fd=14: SHARED -> NO_LOCK
DBimpl - UNLOCK REQUEST: 0x348b5680 0
DBimpl - LOCK REQUEST: 0x348b5680 1
[1773159758.930431779] LOCK pid=34562 fd=12: NO_LOCK -> SHARED (fallback)
[1773159758.930436008] LOCK pid=34562 fd=12: SHARED -> SHARED
DBimpl - LOCK REQUEST: 0x348b5680 2
[1773159758.930467046] LOCK pid=34562 fd=12: SHARED -> RESERVED
DBimpl - LOCK REQUEST: 0x348b5680 4
[1773159758.932331755] LOCK pid=34562 fd=12: RESERVED -> PENDING
[1773159758.932333606] LOCK pid=34562 fd=12: PENDING -> EXCLUSIVE
DBimpl - UNLOCK REQUEST: 0x348b5680 1
[1773159758.936370556] UNLOCK pid=34562 fd=12: EXCLUSIVE -> SHARED
DBimpl - UNLOCK REQUEST: 0x348b5680 0
[1773159758.936375744] UNLOCK pid=34562 fd=12: SHARED -> NO_LOCK
DBimpl - UNLOCK REQUEST: 0x348b5680 0
